11:12:52 **** Build of configuration Debug for project test4_app ****
make all 
make --no-print-directory pre-build
a9-linaro-pre-build-step
 
make --no-print-directory main-build
Building file: ../src/main.c
Invoking: ARM v7 gcc compiler
arm-none-eabi-gcc -Wall -O0 -g3 -c -fmessage-length=0 -MT"src/main.o" -mcpu=cortex-a9 -mfpu=vfpv3 -mfloat-abi=hard -I/home/mahmoudsamy/grad/ZC702/vitis_ws/ztachip_zc702_platform_v2/export/ztachip_zc702_platform_v2/sw/ztachip_zc702_platform_v2/standalone_domain/bspinclude/include -MMD -MP -MF"src/main.d" -MT"src/main.o" -o "src/main.o" "../src/main.c"
Finished building: ../src/main.c
 
Building target: test4_app.elf
Invoking: ARM v7 gcc linker
arm-none-eabi-gcc -mcpu=cortex-a9 -mfpu=vfpv3 -mfloat-abi=hard -Wl,-build-id=none -specs=Xilinx.spec -Wl,-T -Wl,../src/lscript.ld -L/home/mahmoudsamy/grad/ZC702/vitis_ws/ztachip_zc702_platform_v2/export/ztachip_zc702_platform_v2/sw/ztachip_zc702_platform_v2/standalone_domain/bsplib/lib -o "test4_app.elf" ./src/main.o   -Wl,--start-group,-lxil,-lgcc,-lc,--end-group -Wl,--start-group,-lxilffs,-lxil,-lgcc,-lc,--end-group
Finished building target: test4_app.elf
 
Invoking: ARM v7 Print Size
arm-none-eabi-size test4_app.elf  |tee "test4_app.elf.size"
   text	   data	    bss	    dec	    hex	filename
  22457	   1144	  22568	  46169	   b459	test4_app.elf
Finished building: test4_app.elf.size
 

11:12:52 Build Finished (took 478ms)

