Archive member included to satisfy reference by file (symbol)

/opt/riscv-xpack/bin/../lib/gcc/riscv-none-elf/13.2.0/rv32im/ilp32/libgcc.a(_divdi3.o)
                              build/apps/nn/nn_conv2d.o (__divdi3)
/opt/riscv-xpack/bin/../lib/gcc/riscv-none-elf/13.2.0/rv32im/ilp32/libgcc.a(adddf3.o)
                              build/apps/resize/resize.o (__adddf3)
/opt/riscv-xpack/bin/../lib/gcc/riscv-none-elf/13.2.0/rv32im/ilp32/libgcc.a(divdf3.o)
                              build/apps/gaussian/gaussian.o (__divdf3)
/opt/riscv-xpack/bin/../lib/gcc/riscv-none-elf/13.2.0/rv32im/ilp32/libgcc.a(eqdf2.o)
                              build/apps/nn/tf_util.o (__eqdf2)
/opt/riscv-xpack/bin/../lib/gcc/riscv-none-elf/13.2.0/rv32im/ilp32/libgcc.a(gedf2.o)
                              build/src/test_llm.o (__gedf2)
/opt/riscv-xpack/bin/../lib/gcc/riscv-none-elf/13.2.0/rv32im/ilp32/libgcc.a(ledf2.o)
                              build/apps/nn/tf_util.o (__ltdf2)
/opt/riscv-xpack/bin/../lib/gcc/riscv-none-elf/13.2.0/rv32im/ilp32/libgcc.a(muldf3.o)
                              build/apps/gaussian/gaussian.o (__muldf3)
/opt/riscv-xpack/bin/../lib/gcc/riscv-none-elf/13.2.0/rv32im/ilp32/libgcc.a(fixdfsi.o)
                              build/apps/resize/resize.o (__fixdfsi)
/opt/riscv-xpack/bin/../lib/gcc/riscv-none-elf/13.2.0/rv32im/ilp32/libgcc.a(fixdfdi.o)
                              build/apps/nn/tf_util.o (__fixdfdi)
/opt/riscv-xpack/bin/../lib/gcc/riscv-none-elf/13.2.0/rv32im/ilp32/libgcc.a(addsf3.o)
                              build/src/test_llm.o (__addsf3)
/opt/riscv-xpack/bin/../lib/gcc/riscv-none-elf/13.2.0/rv32im/ilp32/libgcc.a(divsf3.o)
                              build/src/test_llm.o (__divsf3)
/opt/riscv-xpack/bin/../lib/gcc/riscv-none-elf/13.2.0/rv32im/ilp32/libgcc.a(eqsf2.o)
                              build/src/test_llm.o (__eqsf2)
/opt/riscv-xpack/bin/../lib/gcc/riscv-none-elf/13.2.0/rv32im/ilp32/libgcc.a(gesf2.o)
                              build/src/test_llm.o (__gesf2)
/opt/riscv-xpack/bin/../lib/gcc/riscv-none-elf/13.2.0/rv32im/ilp32/libgcc.a(lesf2.o)
                              build/apps/nn/nn_objdect.o (__lesf2)
/opt/riscv-xpack/bin/../lib/gcc/riscv-none-elf/13.2.0/rv32im/ilp32/libgcc.a(mulsf3.o)
                              build/base/util.o (__mulsf3)
/opt/riscv-xpack/bin/../lib/gcc/riscv-none-elf/13.2.0/rv32im/ilp32/libgcc.a(subsf3.o)
                              build/src/test_llm.o (__subsf3)
/opt/riscv-xpack/bin/../lib/gcc/riscv-none-elf/13.2.0/rv32im/ilp32/libgcc.a(fixsfsi.o)
                              build/src/vision_ai.o (__fixsfsi)
/opt/riscv-xpack/bin/../lib/gcc/riscv-none-elf/13.2.0/rv32im/ilp32/libgcc.a(floatsisf.o)
                              build/src/test_llm.o (__floatsisf)
/opt/riscv-xpack/bin/../lib/gcc/riscv-none-elf/13.2.0/rv32im/ilp32/libgcc.a(floatunsisf.o)
                              build/base/util.o (__floatunsisf)
/opt/riscv-xpack/bin/../lib/gcc/riscv-none-elf/13.2.0/rv32im/ilp32/libgcc.a(floatdisf.o)
                              build/apps/nn/nn_conv2d.o (__floatdisf)
/opt/riscv-xpack/bin/../lib/gcc/riscv-none-elf/13.2.0/rv32im/ilp32/libgcc.a(floatundisf.o)
                              build/apps/llm/llm.o (__floatundisf)
/opt/riscv-xpack/bin/../lib/gcc/riscv-none-elf/13.2.0/rv32im/ilp32/libgcc.a(extendsfdf2.o)
                              build/src/test_llm.o (__extendsfdf2)
/opt/riscv-xpack/bin/../lib/gcc/riscv-none-elf/13.2.0/rv32im/ilp32/libgcc.a(truncdfsf2.o)
                              build/apps/gaussian/gaussian.o (__truncdfsf2)
/opt/riscv-xpack/bin/../lib/gcc/riscv-none-elf/13.2.0/rv32im/ilp32/libgcc.a(unwind-dw2.o)
                              build/base/tensor.o (_Unwind_Resume)
/opt/riscv-xpack/bin/../lib/gcc/riscv-none-elf/13.2.0/rv32im/ilp32/libgcc.a(unwind-dw2-fde.o)
                              /opt/riscv-xpack/bin/../lib/gcc/riscv-none-elf/13.2.0/rv32im/ilp32/libgcc.a(unwind-dw2.o) (_Unwind_Find_FDE)
/opt/riscv-xpack/bin/../lib/gcc/riscv-none-elf/13.2.0/rv32im/ilp32/libgcc.a(_clz.o)
                              /opt/riscv-xpack/bin/../lib/gcc/riscv-none-elf/13.2.0/rv32im/ilp32/libgcc.a(_divdi3.o) (__clz_tab)
/opt/riscv-xpack/bin/../lib/gcc/riscv-none-elf/13.2.0/rv32im/ilp32/libgcc.a(_clzsi2.o)
                              /opt/riscv-xpack/bin/../lib/gcc/riscv-none-elf/13.2.0/rv32im/ilp32/libgcc.a(adddf3.o) (__clzsi2)
/opt/riscv-xpack/bin/../lib/gcc/riscv-none-elf/13.2.0/../../../../riscv-none-elf/lib/rv32im/ilp32/libc.a(libc_a-abort.o)
                              /opt/riscv-xpack/bin/../lib/gcc/riscv-none-elf/13.2.0/rv32im/ilp32/libgcc.a(unwind-dw2.o) (abort)
/opt/riscv-xpack/bin/../lib/gcc/riscv-none-elf/13.2.0/../../../../riscv-none-elf/lib/rv32im/ilp32/libc.a(libc_a-assert.o)
                              build/base/tensor.o (__assert_func)
/opt/riscv-xpack/bin/../lib/gcc/riscv-none-elf/13.2.0/../../../../riscv-none-elf/lib/rv32im/ilp32/libc.a(libc_a-calloc.o)
[...]
Memory Configuration

Name             Origin             Length             Attributes
RAM              0x00200000         0x0c800000         xrw
TCM              0x00000000         0x00004000         xrw
*default*        0x00000000         0xffffffff

Linker script and memory map

LOAD build/base/newlib.o
LOAD build/base/ztalib.o
LOAD build/base/ztalog.o
LOAD build/base/tensor.o
LOAD build/base/util.o
LOAD build/base/graph.o
LOAD build/base/crt.o
LOAD build/base/task.o
LOAD build/base/net.o
LOAD build/src/test.o
LOAD build/src/test_llm.o
LOAD build/src/vision_ai.o
LOAD build/src/mpy.o
LOAD build/apps/main/kernels/main.m.o
LOAD build/apps/color/kernels/color.m.o
LOAD build/apps/color/color.o
LOAD build/apps/of/kernels/of.m.o
LOAD build/apps/of/of.o
LOAD build/apps/canny/kernels/canny.m.o
LOAD build/apps/canny/canny.o
LOAD build/apps/harris/kernels/harris.m.o
LOAD build/apps/harris/harris.o
LOAD build/apps/resize/kernels/resize.m.o
LOAD build/apps/resize/resize.o
LOAD build/apps/gaussian/kernels/gaussian.m.o
LOAD build/apps/gaussian/gaussian.o
LOAD build/apps/equalize/kernels/equalize.m.o
LOAD build/apps/equalize/equalize.o
LOAD build/apps/nn/nn_add.o
LOAD build/apps/nn/nn_concat.o
LOAD build/apps/nn/nn_conv2d.o
LOAD build/apps/nn/nn.o
LOAD build/apps/nn/nn_logistic.o
LOAD build/apps/nn/nn_objdect.o
LOAD build/apps/nn/nn_poolavg.o
LOAD build/apps/nn/nn_reshape.o
LOAD build/apps/nn/nn_util.o
LOAD build/apps/nn/tf.o
LOAD build/apps/nn/tf_util.o
LOAD build/apps/nn/kernels/conv.m.o
LOAD build/apps/nn/kernels/fcn.m.o
LOAD build/apps/nn/kernels/objdet.m.o
LOAD build/apps/llm/kernels/llm.m.o
LOAD build/apps/llm/reference/llm_ref.o
LOAD build/apps/llm/llm.o
LOAD build/apps/llm/tokenizer.o
LOAD build/apps/llm/gguf/gguf.o
LOAD build/apps/llm/gguf/zuf.o
LOAD build/apps/gdi/gdi.o
LOAD build/apps/test/kernels/test.m.o
LOAD build/thirdparty/FatFs/ff.o
LOAD build/src/sdmm.o
LOAD build/src/chat.o
LOAD build/src/soc.o
LOAD build/src/main.o
LOAD /opt/riscv-xpack/bin/../lib/gcc/riscv-none-elf/13.2.0/rv32im/ilp32/libgcc.a
LOAD /opt/riscv-xpack/bin/../lib/gcc/riscv-none-elf/13.2.0/../../../../riscv-none-elf/lib/rv32im/ilp32/libc.a
LOAD /opt/riscv-xpack/bin/../lib/gcc/riscv-none-elf/13.2.0/../../../../riscv-none-elf/lib/rv32im/ilp32/libm.a
LOAD /opt/riscv-xpack/bin/../lib/gcc/riscv-none-elf/13.2.0/../../../../riscv-none-elf/lib/rv32im/ilp32/libstdc++.a
LOAD /opt/riscv-xpack/bin/../lib/gcc/riscv-none-elf/13.2.0/rv32im/ilp32/libgcc.a
LOAD /opt/riscv-xpack/bin/../lib/gcc/riscv-none-elf/13.2.0/../../../../riscv-none-elf/lib/rv32im/ilp32/libc.a
LOAD /opt/riscv-xpack/bin/../lib/gcc/riscv-none-elf/13.2.0/rv32im/ilp32/libgcc.a
                0x00001f40                        _stack_size = 0x1f40

._vector        0x00200000       0xe0
 *crt.o(.start_jump)
 .start_jump    0x00200000       0x10 build/base/crt.o
                0x00200000                crtStart
 */base/task.o(.text)
 .text          0x00200010       0xd0 build/base/task.o
                0x00200010                _taskYield
                0x00200090                _taskSpawn

._stack         0x00000000     0x1f40
                0x00000000                        . = ALIGN (0x10)
                [!provide]                        PROVIDE (_stack_end = .)
                0x00001f40                        . = (. + _stack_size)
 *fill*         0x00000000     0x1f40 
                0x00001f40                        . = ALIGN (0x10)
                0x00001f40                        PROVIDE (_stack_start = .)

.TCM_DATA       0x00001f40        0x0
                0x00001f40                        . = ALIGN (0x4)
 *(.tcm_data)
 *(.tcm_data.*)
                0x00001f40                        . = ALIGN (0x4)

.bss            0x002000e0     0x4160
                0x002000e0                        . = ALIGN (0x4)
                0x002000e0                        _bss_start = .
 *(.sbss*)
 .sbss          0x002000e0        0x1 build/base/newlib.o
 .sbss          0x002000e1        0x1 build/base/ztalib.o
 *fill*         0x002000e2        0x2 
 .sbss          0x002000e4        0x4 build/base/graph.o
                0x002000e4                Graph::M_pollFunc
 .sbss          0x002000e8       0x80 build/src/test_llm.o
 .sbss          0x00200168        0x4 build/src/mpy.o
 .sbss          0x0020016c        0x4 build/apps/main/kernels/main.m.o
 .sbss          0x00200170        0x4 build/apps/resize/resize.o
 .sbss          0x00200174        0x4 build/apps/equalize/equalize.o
 .sbss          0x00200178        0x8 build/apps/nn/nn_add.o
 .sbss          0x00200180        0xc build/apps/nn/nn_concat.o
 *fill*         0x0020018c        0x4 
 .sbss          0x00200190       0x3c build/apps/nn/nn_conv2d.o
 .sbss          0x002001cc       0x10 build/apps/nn/nn_poolavg.o
 .sbss          0x002001dc       0x14 build/apps/llm/kernels/llm.m.o
 .sbss          0x002001f0        0x8 build/apps/llm/tokenizer.o
 .sbss          0x002001f8       0x18 build/apps/llm/gguf/gguf.o
 .sbss          0x00200210        0x4 build/apps/gdi/gdi.o
                0x00200210                GdiFont
 .sbss          0x00200214        0x8 build/thirdparty/FatFs/ff.o
 .sbss          0x0020021c        0x8 build/src/sdmm.o
 *fill*         0x00200224        0x4 
 .sbss          0x00200228       0x1c build/src/chat.o
 .sbss          0x00200244       0x18 build/src/soc.o
                0x0020024c                DisplayCanvas
 .sbss          0x0020025c        0x4 build/src/main.o
                0x0020025c                __dso_handle
 .sbss.seen_objects
                0x00200260        0x4 /opt/riscv-xpack/bin/../lib/gcc/riscv-none-elf/13.2.0/rv32im/ilp32/libgcc.a(unwind-dw2-fde.o)
 .sbss.unseen_objects
                0x00200264        0x4 /opt/riscv-xpack/bin/../lib/gcc/riscv-none-elf/13.2.0/rv32im/ilp32/libgcc.a(unwind-dw2-fde.o)
 .sbss.__malloc_max_total_mem
                0x00200268        0x4 /opt/riscv-xpack/bin/../lib/gcc/riscv-none-elf/13.2.0/../../../../riscv-none-elf/lib/rv32im/ilp32/libc.a(libc_a-mallocr.o)
                0x00200268                __malloc_max_total_mem
 .sbss.__malloc_max_sbrked_mem
                0x0020026c        0x4 /opt/riscv-xpack/bin/../lib/gcc/riscv-none-elf/13.2.0/../../../../riscv-none-elf/lib/rv32im/ilp32/libc.a(libc_a-mallocr.o)
                0x0020026c                __malloc_max_sbrked_mem
 .sbss.__malloc_top_pad
                0x00200270        0x4 /opt/riscv-xpack/bin/../lib/gcc/riscv-none-elf/13.2.0/../../../../riscv-none-elf/lib/rv32im/ilp32/libc.a(libc_a-mallocr.o)
                0x00200270                __malloc_top_pad
 .sbss.__stdio_exit_handler
                0x00200274        0x4 /opt/riscv-xpack/bin/../lib/gcc/riscv-none-elf/13.2.0/../../../../riscv-none-elf/lib/rv32im/ilp32/libc.a(libc_a-findfp.o)
                0x00200274                __stdio_exit_handler
 .sbss._PathLocale
                0x00200278        0x4 /opt/riscv-xpack/bin/../lib/gcc/riscv-none-elf/13.2.0/../../../../riscv-none-elf/lib/rv32im/ilp32/libc.a(libc_a-locale.o)
                0x00200278                _PathLocale
 .sbss.errno    0x0020027c        0x4 /opt/riscv-xpack/bin/../lib/gcc/riscv-none-elf/13.2.0/../../../../riscv-none-elf/lib/rv32im/ilp32/libc.a(libc_a-reent.o)
                0x0020027c                errno
 .sbss.__lock___arc4random_mutex
                0x00200280        0x1 /opt/riscv-xpack/bin/../lib/gcc/riscv-none-elf/13.2.0/../../../../riscv-none-elf/lib/rv32im/ilp32/libc.a(libc_a-lock.o)
                0x00200280                __lock___arc4random_mutex
 *fill*         0x00200281        0x3 
 .sbss.__lock___dd_hash_mutex
                0x00200284        0x1 /opt/riscv-xpack/bin/../lib/gcc/riscv-none-elf/13.2.0/../../../../riscv-none-elf/lib/rv32im/ilp32/libc.a(libc_a-lock.o)
                0x00200284                __lock___dd_hash_mutex
 *fill*         0x00200285        0x3 
 .sbss.__lock___tz_mutex
                0x00200288        0x1 /opt/riscv-xpack/bin/../lib/gcc/riscv-none-elf/13.2.0/../../../../riscv-none-elf/lib/rv32im/ilp32/libc.a(libc_a-lock.o)
                0x00200288                __lock___tz_mutex
 *fill*         0x00200289        0x3 
 .sbss.__lock___env_recursive_mutex
                0x0020028c        0x1 /opt/riscv-xpack/bin/../lib/gcc/riscv-none-elf/13.2.0/../../../../riscv-none-elf/lib/rv32im/ilp32/libc.a(libc_a-lock.o)
                0x0020028c                __lock___env_recursive_mutex
 *fill*         0x0020028d        0x3 
 .sbss.__lock___malloc_recursive_mutex
                0x00200290        0x1 /opt/riscv-xpack/bin/../lib/gcc/riscv-none-elf/13.2.0/../../../../riscv-none-elf/lib/rv32im/ilp32/libc.a(libc_a-lock.o)
                0x00200290                __lock___malloc_recursive_mutex
 *fill*         0x00200291        0x3 
 .sbss.__lock___at_quick_exit_mutex
                0x00200294        0x1 /opt/riscv-xpack/bin/../lib/gcc/riscv-none-elf/13.2.0/../../../../riscv-none-elf/lib/rv32im/ilp32/libc.a(libc_a-lock.o)
                0x00200294                __lock___at_quick_exit_mutex
 *fill*         0x00200295        0x3 
 .sbss.__lock___atexit_recursive_mutex
                0x00200298        0x1 /opt/riscv-xpack/bin/../lib/gcc/riscv-none-elf/13.2.0/../../../../riscv-none-elf/lib/rv32im/ilp32/libc.a(libc_a-lock.o)
                0x00200298                __lock___atexit_recursive_mutex
 *fill*         0x00200299        0x3 
 .sbss.__lock___sfp_recursive_mutex
                0x0020029c        0x1 /opt/riscv-xpack/bin/../lib/gcc/riscv-none-elf/13.2.0/../../../../riscv-none-elf/lib/rv32im/ilp32/libc.a(libc_a-lock.o)
                0x0020029c                __lock___sfp_recursive_mutex
 *fill*         0x0020029d        0x3 
 .sbss.__atexit
                0x002002a0        0x4 /opt/riscv-xpack/bin/../lib/gcc/riscv-none-elf/13.2.0/../../../../riscv-none-elf/lib/rv32im/ilp32/libc.a(libc_a-__call_atexit.o)
                0x002002a0                __atexit
 .sbss.initial_env
                0x002002a4        0x4 /opt/riscv-xpack/bin/../lib/gcc/riscv-none-elf/13.2.0/../../../../riscv-none-elf/lib/rv32im/ilp32/libc.a(libc_a-environ.o)
 .sbss._ZN12_GLOBAL__N_110eh_globalsE
                0x002002a8        0x8 /opt/riscv-xpack/bin/../lib/gcc/riscv-none-elf/13.2.0/../../../../riscv-none-elf/lib/rv32im/ilp32/libstdc++.a(eh_globals.o)
 .sbss._ZZN9__gnu_cxx27__verbose_terminate_handlerEvE11terminating
                0x002002b0        0x1 /opt/riscv-xpack/bin/../lib/gcc/riscv-none-elf/13.2.0/../../../../riscv-none-elf/lib/rv32im/ilp32/libstdc++.a(vterminate.o)
 *fill*         0x002002b1        0x3 
 .sbss._ZN12_GLOBAL__N_113__new_handlerE
                0x002002b4        0x4 /opt/riscv-xpack/bin/../lib/gcc/riscv-none-elf/13.2.0/../../../../riscv-none-elf/lib/rv32im/ilp32/libstdc++.a(new_handler.o)
 *(.gnu.linkonce.sb.*)
 *(.bss .bss.*)
 .bss           0x002002b8      0x5b0 build/base/newlib.o
 .bss           0x00200868        0x0 build/base/ztalib.o
 .bss           0x00200868        0x0 build/base/ztalog.o
 .bss           0x00200868        0x0 build/base/tensor.o
 .bss           0x00200868        0x0 build/base/util.o
 .bss           0x00200868       0x20 build/base/graph.o
 .bss           0x00200888        0x0 build/base/crt.o
 .bss           0x00200888        0x0 build/base/task.o
 .bss           0x00200888      0x2bc build/base/net.o
 .bss           0x00200b44        0x0 build/src/test.o
 *fill*         0x00200b44        0x4 
 .bss           0x00200b48      0x2c8 build/src/test_llm.o
 .bss           0x00200e10        0x0 build/src/vision_ai.o
 .bss           0x00200e10       0x3c build/src/mpy.o
 .bss           0x00200e4c        0x0 build/apps/main/kernels/main.m.o
 .bss           0x00200e4c        0x0 build/apps/color/kernels/color.m.o
 .bss           0x00200e4c        0x0 build/apps/color/color.o
 .bss           0x00200e4c        0x0 build/apps/of/kernels/of.m.o
 .bss           0x00200e4c        0x0 build/apps/of/of.o
 .bss           0x00200e4c        0x0 build/apps/canny/kernels/canny.m.o
 .bss           0x00200e4c        0x0 build/apps/canny/canny.o
 .bss           0x00200e4c        0x0 build/apps/harris/kernels/harris.m.o
 .bss           0x00200e4c        0x0 build/apps/harris/harris.o
 .bss           0x00200e4c        0x0 build/apps/resize/kernels/resize.m.o
 .bss           0x00200e4c        0x0 build/apps/resize/resize.o
 .bss           0x00200e4c        0x0 build/apps/gaussian/kernels/gaussian.m.o
 .bss           0x00200e4c        0x0 build/apps/gaussian/gaussian.o
 .bss           0x00200e4c        0x0 build/apps/equalize/kernels/equalize.m.o
 .bss           0x00200e4c        0x0 build/apps/equalize/equalize.o
 .bss           0x00200e4c        0x0 build/apps/nn/nn_add.o
 .bss           0x00200e4c        0x0 build/apps/nn/nn_concat.o
 .bss           0x00200e4c        0x0 build/apps/nn/nn_conv2d.o
 .bss           0x00200e4c        0x0 build/apps/nn/nn.o
 .bss           0x00200e4c      0x800 build/apps/nn/nn_logistic.o
 .bss           0x0020164c        0x0 build/apps/nn/nn_objdect.o
 .bss           0x0020164c        0x0 build/apps/nn/nn_poolavg.o
 .bss           0x0020164c        0x0 build/apps/nn/nn_reshape.o
 .bss           0x0020164c        0x0 build/apps/nn/nn_util.o
 .bss           0x0020164c        0x0 build/apps/nn/tf.o
 .bss           0x0020164c        0x0 build/apps/nn/tf_util.o
 .bss           0x0020164c        0x0 build/apps/nn/kernels/conv.m.o
 .bss           0x0020164c        0x0 build/apps/nn/kernels/fcn.m.o
 .bss           0x0020164c        0x0 build/apps/nn/kernels/objdet.m.o
 .bss           0x0020164c      0x200 build/apps/llm/kernels/llm.m.o
 .bss           0x0020184c        0x0 build/apps/llm/reference/llm_ref.o
 .bss           0x0020184c      0x578 build/apps/llm/llm.o
 .bss           0x00201dc4        0xc build/apps/llm/tokenizer.o
 .bss           0x00201dd0       0x28 build/apps/llm/gguf/gguf.o
 .bss           0x00201df8        0x0 build/apps/llm/gguf/zuf.o
 .bss           0x00201df8       0x2c build/apps/gdi/gdi.o
 .bss           0x00201e24     0x1000 build/apps/test/kernels/test.m.o
 .bss           0x00202e24        0x0 build/thirdparty/FatFs/ff.o
 .bss           0x00202e24        0x0 build/src/sdmm.o
 *fill*         0x00202e24        0x4 
 .bss           0x00202e28      0xdb0 build/src/chat.o
 .bss           0x00203bd8       0x20 build/src/soc.o
 .bss           0x00203bf8        0x0 build/src/main.o
 .bss           0x00203bf8        0x0 /opt/riscv-xpack/bin/../lib/gcc/riscv-none-elf/13.2.0/rv32im/ilp32/libgcc.a(_divdi3.o)
 .bss           0x00203bf8        0x0 /opt/riscv-xpack/bin/../lib/gcc/riscv-none-elf/13.2.0/rv32im/ilp32/libgcc.a(adddf3.o)
 .bss           0x00203bf8        0x0 /opt/riscv-xpack/bin/../lib/gcc/riscv-none-elf/13.2.0/rv32im/ilp32/libgcc.a(divdf3.o)
 .bss           0x00203bf8        0x0 /opt/riscv-xpack/bin/../lib/gcc/riscv-none-elf/13.2.0/rv32im/ilp32/libgcc.a(eqdf2.o)
 .bss           0x00203bf8        0x0 /opt/riscv-xpack/bin/../lib/gcc/riscv-none-elf/13.2.0/rv32im/ilp32/libgcc.a(gedf2.o)
 .bss           0x00203bf8        0x0 /opt/riscv-xpack/bin/../lib/gcc/riscv-none-elf/13.2.0/rv32im/ilp32/libgcc.a(ledf2.o)
 .bss           0x00203bf8        0x0 /opt/riscv-xpack/bin/../lib/gcc/riscv-none-elf/13.2.0/rv32im/ilp32/libgcc.a(muldf3.o)
 .bss           0x00203bf8        0x0 /opt/riscv-xpack/bin/../lib/gcc/riscv-none-elf/13.2.0/rv32im/ilp32/libgcc.a(fixdfsi.o)
 .bss           0x00203bf8        0x0 /opt/riscv-xpack/bin/../lib/gcc/riscv-none-elf/13.2.0/rv32im/ilp32/libgcc.a(fixdfdi.o)
 .bss           0x00203bf8        0x0 /opt/riscv-xpack/bin/../lib/gcc/riscv-none-elf/13.2.0/rv32im/ilp32/libgcc.a(addsf3.o)
 .bss           0x00203bf8        0x0 /opt/riscv-xpack/bin/../lib/gcc/riscv-none-elf/13.2.0/rv32im/ilp32/libgcc.a(divsf3.o)
 .bss           0x00203bf8        0x0 /opt/riscv-xpack/bin/../lib/gcc/riscv-none-elf/13.2.0/rv32im/ilp32/libgcc.a(eqsf2.o)
 .bss           0x00203bf8        0x0 /opt/riscv-xpack/bin/../lib/gcc/riscv-none-elf/13.2.0/rv32im/ilp32/libgcc.a(gesf2.o)
 .bss           0x00203bf8        0x0 /opt/riscv-xpack/bin/../lib/gcc/riscv-none-elf/13.2.0/rv32im/ilp32/libgcc.a(lesf2.o)
 .bss           0x00203bf8        0x0 /opt/riscv-xpack/bin/../lib/gcc/riscv-none-elf/13.2.0/rv32im/ilp32/libgcc.a(mulsf3.o)
 .bss           0x00203bf8        0x0 /opt/riscv-xpack/bin/../lib/gcc/riscv-none-elf/13.2.0/rv32im/ilp32/libgcc.a(subsf3.o)
 .bss           0x00203bf8        0x0 /opt/riscv-xpack/bin/../lib/gcc/riscv-none-elf/13.2.0/rv32im/ilp32/libgcc.a(fixsfsi.o)
 .bss           0x00203bf8        0x0 /opt/riscv-xpack/bin/../lib/gcc/riscv-none-elf/13.2.0/rv32im/ilp32/libgcc.a(floatsisf.o)
 .bss           0x00203bf8        0x0 /opt/riscv-xpack/bin/../lib/gcc/riscv-none-elf/13.2.0/rv32im/ilp32/libgcc.a(floatunsisf.o)
 .bss           0x00203bf8        0x0 /opt/riscv-xpack/bin/../lib/gcc/riscv-none-elf/13.2.0/rv32im/ilp32/libgcc.a(floatdisf.o)
 .bss           0x00203bf8        0x0 /opt/riscv-xpack/bin/../lib/gcc/riscv-none-elf/13.2.0/rv32im/ilp32/libgcc.a(floatundisf.o)
 .bss           0x00203bf8        0x0 /opt/riscv-xpack/bin/../lib/gcc/riscv-none-elf/13.2.0/rv32im/ilp32/libgcc.a(extendsfdf2.o)
 .bss           0x00203bf8        0x0 /opt/riscv-xpack/bin/../lib/gcc/riscv-none-elf/13.2.0/rv32im/ilp32/libgcc.a(truncdfsf2.o)
 .bss           0x00203bf8        0x0 /opt/riscv-xpack/bin/../lib/gcc/riscv-none-elf/13.2.0/rv32im/ilp32/libgcc.a(unwind-dw2.o)
 .bss.dwarf_reg_size_table
                0x00203bf8       0x82 /opt/riscv-xpack/bin/../lib/gcc/riscv-none-elf/13.2.0/rv32im/ilp32/libgcc.a(unwind-dw2.o)
 .bss           0x00203c7a        0x0 /opt/riscv-xpack/bin/../lib/gcc/riscv-none-elf/13.2.0/rv32im/ilp32/libgcc.a(unwind-dw2-fde.o)
 .bss           0x00203c7a        0x0 /opt/riscv-xpack/bin/../lib/gcc/riscv-none-elf/13.2.0/rv32im/ilp32/libgcc.a(_clz.o)
 .bss           0x00203c7a        0x0 /opt/riscv-xpack/bin/../lib/gcc/riscv-none-elf/13.2.0/rv32im/ilp32/libgcc.a(_clzsi2.o)
 .bss           0x00203c7a        0x0 /opt/riscv-xpack/bin/../lib/gcc/riscv-none-elf/13.2.0/../../../../riscv-none-elf/lib/rv32im/ilp32/libc.a(libc_a-abort.o)
 .bss           0x00203c7a        0x0 /opt/riscv-xpack/bin/../lib/gcc/riscv-none-elf/13.2.0/../../../../riscv-none-elf/lib/rv32im/ilp32/libc.a(libc_a-assert.o)
 .bss           0x00203c7a        0x0 /opt/riscv-xpack/bin/../lib/gcc/riscv-none-elf/13.2.0/../../../../riscv-none-elf/lib/rv32im/ilp32/libc.a(libc_a-calloc.o)
 .bss           0x00203c7a        0x0 /opt/riscv-xpack/bin/../lib/gcc/riscv-none-elf/13.2.0/../../../../riscv-none-elf/lib/rv32im/ilp32/libc.a(libc_a-callocr.o)
 .bss           0x00203c7a        0x0 /opt/riscv-xpack/bin/../lib/gcc/riscv-none-elf/13.2.0/../../../../riscv-none-elf/lib/rv32im/ilp32/libc.a(libc_a-malloc.o)
 .bss           0x00203c7a        0x0 /opt/riscv-xpack/bin/../lib/gcc/riscv-none-elf/13.2.0/../../../../riscv-none-elf/lib/rv32im/ilp32/libc.a(libc_a-mallocr.o)
 *fill*         0x00203c7a        0x2 
 .bss.__malloc_current_mallinfo
                0x00203c7c       0x28 /opt/riscv-xpack/bin/../lib/gcc/riscv-none-elf/13.2.0/../../../../riscv-none-elf/lib/rv32im/ilp32/libc.a(libc_a-mallocr.o)
                0x00203c7c                __malloc_current_mallinfo
 .bss           0x00203ca4        0x0 /opt/riscv-xpack/bin/../lib/gcc/riscv-none-elf/13.2.0/../../../../riscv-none-elf/lib/rv32im/ilp32/libc.a(libc_a-mlock.o)
 .bss           0x00203ca4        0x0 /opt/riscv-xpack/bin/../lib/gcc/riscv-none-elf/13.2.0/../../../../riscv-none-elf/lib/rv32im/ilp32/libc.a(libc_a-cxa_atexit.o)
 .bss           0x00203ca4        0x0 /opt/riscv-xpack/bin/../lib/gcc/riscv-none-elf/13.2.0/../../../../riscv-none-elf/lib/rv32im/ilp32/libc.a(libc_a-isprint.o)
 .bss           0x00203ca4        0x0 /opt/riscv-xpack/bin/../lib/gcc/riscv-none-elf/13.2.0/../../../../riscv-none-elf/lib/rv32im/ilp32/libc.a(libc_a-isspace.o)
 .bss           0x00203ca4        0x0 /opt/riscv-xpack/bin/../lib/gcc/riscv-none-elf/13.2.0/../../../../riscv-none-elf/lib/rv32im/ilp32/libc.a(libc_a-bsearch.o)
 .bss           0x00203ca4        0x0 /opt/riscv-xpack/bin/../lib/gcc/riscv-none-elf/13.2.0/../../../../riscv-none-elf/lib/rv32im/ilp32/libc.a(libc_a-qsort.o)
 .bss           0x00203ca4        0x0 /opt/riscv-xpack/bin/../lib/gcc/riscv-none-elf/13.2.0/../../../../riscv-none-elf/lib/rv32im/ilp32/libc.a(libc_a-fiprintf.o)
 .bss           0x00203ca4        0x0 /opt/riscv-xpack/bin/../lib/gcc/riscv-none-elf/13.2.0/../../../../riscv-none-elf/lib/rv32im/ilp32/libc.a(libc_a-vfiprintf.o)
 .bss           0x00203ca4        0x0 /opt/riscv-xpack/bin/../lib/gcc/riscv-none-elf/13.2.0/../../../../riscv-none-elf/lib/rv32im/ilp32/libc.a(libc_a-fclose.o)
 .bss           0x00203ca4        0x0 /opt/riscv-xpack/bin/../lib/gcc/riscv-none-elf/13.2.0/../../../../riscv-none-elf/lib/rv32im/ilp32/libc.a(libc_a-fflush.o)
 .bss           0x00203ca4        0x0 /opt/riscv-xpack/bin/../lib/gcc/riscv-none-elf/13.2.0/../../../../riscv-none-elf/lib/rv32im/ilp32/libc.a(libc_a-fgets.o)
 .bss           0x00203ca4        0x0 /opt/riscv-xpack/bin/../lib/gcc/riscv-none-elf/13.2.0/../../../../riscv-none-elf/lib/rv32im/ilp32/libc.a(libc_a-findfp.o)
 .bss.__sf      0x00203ca4      0x138 /opt/riscv-xpack/bin/../lib/gcc/riscv-none-elf/13.2.0/../../../../riscv-none-elf/lib/rv32im/ilp32/libc.a(libc_a-findfp.o)
                0x00203ca4                __sf
 .bss           0x00203ddc        0x0 /opt/riscv-xpack/bin/../lib/gcc/riscv-none-elf/13.2.0/../../../../riscv-none-elf/lib/rv32im/ilp32/libc.a(libc_a-fopen.o)
 .bss           0x00203ddc        0x0 /opt/riscv-xpack/bin/../lib/gcc/riscv-none-elf/13.2.0/../../../../riscv-none-elf/lib/rv32im/ilp32/libc.a(libc_a-fread.o)
 .bss           0x00203ddc        0x0 /opt/riscv-xpack/bin/../lib/gcc/riscv-none-elf/13.2.0/../../../../riscv-none-elf/lib/rv32im/ilp32/libc.a(libc_a-fseek.o)
 .bss           0x00203ddc        0x0 /opt/riscv-xpack/bin/../lib/gcc/riscv-none-elf/13.2.0/../../../../riscv-none-elf/lib/rv32im/ilp32/libc.a(libc_a-ftell.o)
 .bss           0x00203ddc        0x0 /opt/riscv-xpack/bin/../lib/gcc/riscv-none-elf/13.2.0/../../../../riscv-none-elf/lib/rv32im/ilp32/libc.a(libc_a-fvwrite.o)
 .bss           0x00203ddc        0x0 /opt/riscv-xpack/bin/../lib/gcc/riscv-none-elf/13.2.0/../../../../riscv-none-elf/lib/rv32im/ilp32/libc.a(libc_a-fwalk.o)
 .bss           0x00203ddc        0x0 /opt/riscv-xpack/bin/../lib/gcc/riscv-none-elf/13.2.0/../../../../riscv-none-elf/lib/rv32im/ilp32/libc.a(libc_a-fwrite.o)
 .bss           0x00203ddc        0x0 /opt/riscv-xpack/bin/../lib/gcc/riscv-none-elf/13.2.0/../../../../riscv-none-elf/lib/rv32im/ilp32/libc.a(libc_a-printf.o)
 .bss           0x00203ddc        0x0 /opt/riscv-xpack/bin/../lib/gcc/riscv-none-elf/13.2.0/../../../../riscv-none-elf/lib/rv32im/ilp32/libc.a(libc_a-putchar.o)
 .bss           0x00203ddc        0x0 /opt/riscv-xpack/bin/../lib/gcc/riscv-none-elf/13.2.0/../../../../riscv-none-elf/lib/rv32im/ilp32/libc.a(libc_a-puts.o)
 .bss           0x00203ddc        0x0 /opt/riscv-xpack/bin/../lib/gcc/riscv-none-elf/13.2.0/../../../../riscv-none-elf/lib/rv32im/ilp32/libc.a(libc_a-refill.o)
 .bss           0x00203ddc        0x0 /opt/riscv-xpack/bin/../lib/gcc/riscv-none-elf/13.2.0/../../../../riscv-none-elf/lib/rv32im/ilp32/libc.a(libc_a-sprintf.o)
 .bss           0x00203ddc        0x0 /opt/riscv-xpack/bin/../lib/gcc/riscv-none-elf/13.2.0/../../../../riscv-none-elf/lib/rv32im/ilp32/libc.a(libc_a-sscanf.o)
 .bss           0x00203ddc        0x0 /opt/riscv-xpack/bin/../lib/gcc/riscv-none-elf/13.2.0/../../../../riscv-none-elf/lib/rv32im/ilp32/libc.a(libc_a-stdio.o)
 .bss           0x00203ddc        0x0 /opt/riscv-xpack/bin/../lib/gcc/riscv-none-elf/13.2.0/../../../../riscv-none-elf/lib/rv32im/ilp32/libc.a(libc_a-wsetup.o)
 .bss           0x00203ddc        0x0 /opt/riscv-xpack/bin/../lib/gcc/riscv-none-elf/13.2.0/../../../../riscv-none-elf/lib/rv32im/ilp32/libc.a(libc_a-fseeko.o)
 .bss           0x00203ddc        0x0 /opt/riscv-xpack/bin/../lib/gcc/riscv-none-elf/13.2.0/../../../../riscv-none-elf/lib/rv32im/ilp32/libc.a(libc_a-ftello.o)
 .bss           0x00203ddc        0x0 /opt/riscv-xpack/bin/../lib/gcc/riscv-none-elf/13.2.0/../../../../riscv-none-elf/lib/rv32im/ilp32/libc.a(libc_a-fputwc.o)
 .bss           0x00203ddc        0x0 /opt/riscv-xpack/bin/../lib/gcc/riscv-none-elf/13.2.0/../../../../riscv-none-elf/lib/rv32im/ilp32/libc.a(libc_a-memchr.o)
 .bss           0x00203ddc        0x0 /opt/riscv-xpack/bin/../lib/gcc/riscv-none-elf/13.2.0/../../../../riscv-none-elf/lib/rv32im/ilp32/libc.a(libc_a-memcmp.o)
 .bss           0x00203ddc        0x0 /opt/riscv-xpack/bin/../lib/gcc/riscv-none-elf/13.2.0/../../../../riscv-none-elf/lib/rv32im/ilp32/libc.a(libc_a-strchr.o)
 .bss           0x00203ddc        0x0 /opt/riscv-xpack/bin/../lib/gcc/riscv-none-elf/13.2.0/../../../../riscv-none-elf/lib/rv32im/ilp32/libc.a(libc_a-strncpy.o)
 .bss           0x00203ddc        0x0 /opt/riscv-xpack/bin/../lib/gcc/riscv-none-elf/13.2.0/../../../../riscv-none-elf/lib/rv32im/ilp32/libc.a(libc_a-strtok.o)
 .bss           0x00203ddc        0x0 /opt/riscv-xpack/bin/../lib/gcc/riscv-none-elf/13.2.0/../../../../riscv-none-elf/lib/rv32im/ilp32/libc.a(libc_a-strtok_r.o)
 .bss           0x00203ddc        0x0 /opt/riscv-xpack/bin/../lib/gcc/riscv-none-elf/13.2.0/../../../../riscv-none-elf/lib/rv32im/ilp32/libc.a(libc_a-signal.o)
 .bss           0x00203ddc        0x0 /opt/riscv-xpack/bin/../lib/gcc/riscv-none-elf/13.2.0/../../../../riscv-none-elf/lib/rv32im/ilp32/libc.a(libc_a-locale.o)
 .bss.saved_categories.0
                0x00203ddc       0xe0 /opt/riscv-xpack/bin/../lib/gcc/riscv-none-elf/13.2.0/../../../../riscv-none-elf/lib/rv32im/ilp32/libc.a(libc_a-locale.o)
 .bss.new_categories.1
                0x00203ebc       0xe0 /opt/riscv-xpack/bin/../lib/gcc/riscv-none-elf/13.2.0/../../../../riscv-none-elf/lib/rv32im/ilp32/libc.a(libc_a-locale.o)
 .bss.global_locale_string
                0x00203f9c       0xe7 /opt/riscv-xpack/bin/../lib/gcc/riscv-none-elf/13.2.0/../../../../riscv-none-elf/lib/rv32im/ilp32/libc.a(libc_a-locale.o)
 .bss           0x00204083        0x0 /opt/riscv-xpack/bin/../lib/gcc/riscv-none-elf/13.2.0/../../../../riscv-none-elf/lib/rv32im/ilp32/libc.a(libc_a-localeconv.o)
 .bss           0x00204083        0x0 /opt/riscv-xpack/bin/../lib/gcc/riscv-none-elf/13.2.0/../../../../riscv-none-elf/lib/rv32im/ilp32/libc.a(libc_a-closer.o)
 .bss           0x00204083        0x0 /opt/riscv-xpack/bin/../lib/gcc/riscv-none-elf/13.2.0/../../../../riscv-none-elf/lib/rv32im/ilp32/libc.a(libc_a-reent.o)
 .bss           0x00204083        0x0 /opt/riscv-xpack/bin/../lib/gcc/riscv-none-elf/13.2.0/../../../../riscv-none-elf/lib/rv32im/ilp32/libc.a(libc_a-impure.o)
 .bss           0x00204083        0x0 /opt/riscv-xpack/bin/../lib/gcc/riscv-none-elf/13.2.0/../../../../riscv-none-elf/lib/rv32im/ilp32/libc.a(libc_a-fstatr.o)
 .bss           0x00204083        0x0 /opt/riscv-xpack/bin/../lib/gcc/riscv-none-elf/13.2.0/../../../../riscv-none-elf/lib/rv32im/ilp32/libc.a(libc_a-lseekr.o)
 .bss           0x00204083        0x0 /opt/riscv-xpack/bin/../lib/gcc/riscv-none-elf/13.2.0/../../../../riscv-none-elf/lib/rv32im/ilp32/libc.a(libc_a-openr.o)
 .bss           0x00204083        0x0 /opt/riscv-xpack/bin/../lib/gcc/riscv-none-elf/13.2.0/../../../../riscv-none-elf/lib/rv32im/ilp32/libc.a(libc_a-readr.o)
 .bss           0x00204083        0x0 /opt/riscv-xpack/bin/../lib/gcc/riscv-none-elf/13.2.0/../../../../riscv-none-elf/lib/rv32im/ilp32/libc.a(libc_a-signalr.o)
 .bss           0x00204083        0x0 /opt/riscv-xpack/bin/../lib/gcc/riscv-none-elf/13.2.0/../../../../riscv-none-elf/lib/rv32im/ilp32/libc.a(libc_a-sbrkr.o)
 .bss           0x00204083        0x0 /opt/riscv-xpack/bin/../lib/gcc/riscv-none-elf/13.2.0/../../../../riscv-none-elf/lib/rv32im/ilp32/libc.a(libc_a-writer.o)
 .bss           0x00204083        0x0 /opt/riscv-xpack/bin/../lib/gcc/riscv-none-elf/13.2.0/../../../../riscv-none-elf/lib/rv32im/ilp32/libc.a(libc_a-errno.o)
 .bss           0x00204083        0x0 /opt/riscv-xpack/bin/../lib/gcc/riscv-none-elf/13.2.0/../../../../riscv-none-elf/lib/rv32im/ilp32/libc.a(libc_a-lock.o)
 .bss           0x00204083        0x0 /opt/riscv-xpack/bin/../lib/gcc/riscv-none-elf/13.2.0/../../../../riscv-none-elf/lib/rv32im/ilp32/libc.a(libc_a-memmove-stub.o)
 .bss           0x00204083        0x0 /opt/riscv-xpack/bin/../lib/gcc/riscv-none-elf/13.2.0/../../../../riscv-none-elf/lib/rv32im/ilp32/libc.a(libc_a-memset.o)
 .bss           0x00204083        0x0 /opt/riscv-xpack/bin/../lib/gcc/riscv-none-elf/13.2.0/../../../../riscv-none-elf/lib/rv32im/ilp32/libc.a(libc_a-memcpy.o)
 .bss           0x00204083        0x0 /opt/riscv-xpack/bin/../lib/gcc/riscv-none-elf/13.2.0/../../../../riscv-none-elf/lib/rv32im/ilp32/libc.a(libc_a-strlen.o)
 .bss           0x00204083        0x0 /opt/riscv-xpack/bin/../lib/gcc/riscv-none-elf/13.2.0/../../../../riscv-none-elf/lib/rv32im/ilp32/libc.a(libc_a-strcpy.o)
 .bss           0x00204083        0x0 /opt/riscv-xpack/bin/../lib/gcc/riscv-none-elf/13.2.0/../../../../riscv-none-elf/lib/rv32im/ilp32/libc.a(libc_a-strcmp.o)
 .bss           0x00204083        0x0 /opt/riscv-xpack/bin/../lib/gcc/riscv-none-elf/13.2.0/../../../../riscv-none-elf/lib/rv32im/ilp32/libc.a(libm_a-s_frexp.o)
 .bss           0x00204083        0x0 /opt/riscv-xpack/bin/../lib/gcc/riscv-none-elf/13.2.0/../../../../riscv-none-elf/lib/rv32im/ilp32/libc.a(libc_a-__atexit.o)
 *fill*         0x00204083        0x1 
 .bss.__atexit0
                0x00204084      0x190 /opt/riscv-xpack/bin/../lib/gcc/riscv-none-elf/13.2.0/../../../../riscv-none-elf/lib/rv32im/ilp32/libc.a(libc_a-__atexit.o)
                0x00204084                __atexit0
 .bss           0x00204214        0x0 /opt/riscv-xpack/bin/../lib/gcc/riscv-none-elf/13.2.0/../../../../riscv-none-elf/lib/rv32im/ilp32/libc.a(libc_a-__call_atexit.o)
 .bss           0x00204214        0x0 /opt/riscv-xpack/bin/../lib/gcc/riscv-none-elf/13.2.0/../../../../riscv-none-elf/lib/rv32im/ilp32/libc.a(libc_a-atexit.o)
 .bss           0x00204214        0x0 /opt/riscv-xpack/bin/../lib/gcc/riscv-none-elf/13.2.0/../../../../riscv-none-elf/lib/rv32im/ilp32/libc.a(libc_a-freer.o)
 .bss           0x00204214        0x0 /opt/riscv-xpack/bin/../lib/gcc/riscv-none-elf/13.2.0/../../../../riscv-none-elf/lib/rv32im/ilp32/libc.a(libc_a-getenv_r.o)
 .bss           0x00204214        0x0 /opt/riscv-xpack/bin/../lib/gcc/riscv-none-elf/13.2.0/../../../../riscv-none-elf/lib/rv32im/ilp32/libc.a(libc_a-mbtowc_r.o)
 .bss           0x00204214        0x0 /opt/riscv-xpack/bin/../lib/gcc/riscv-none-elf/13.2.0/../../../../riscv-none-elf/lib/rv32im/ilp32/libc.a(libc_a-reallocr.o)
 .bss           0x00204214        0x0 /opt/riscv-xpack/bin/../lib/gcc/riscv-none-elf/13.2.0/../../../../riscv-none-elf/lib/rv32im/ilp32/libc.a(libc_a-strtol.o)
 .bss           0x00204214        0x0 /opt/riscv-xpack/bin/../lib/gcc/riscv-none-elf/13.2.0/../../../../riscv-none-elf/lib/rv32im/ilp32/libc.a(libc_a-wctomb_r.o)
 .bss           0x00204214        0x0 /opt/riscv-xpack/bin/../lib/gcc/riscv-none-elf/13.2.0/../../../../riscv-none-elf/lib/rv32im/ilp32/libc.a(libc_a-wcrtomb.o)
 .bss           0x00204214        0x0 /opt/riscv-xpack/bin/../lib/gcc/riscv-none-elf/13.2.0/../../../../riscv-none-elf/lib/rv32im/ilp32/libc.a(libc_a-wcsrtombs.o)
 .bss           0x00204214        0x0 /opt/riscv-xpack/bin/../lib/gcc/riscv-none-elf/13.2.0/../../../../riscv-none-elf/lib/rv32im/ilp32/libc.a(libc_a-ctype_.o)
 .bss           0x00204214        0x0 /opt/riscv-xpack/bin/../lib/gcc/riscv-none-elf/13.2.0/../../../../riscv-none-elf/lib/rv32im/ilp32/libc.a(libc_a-svfprintf.o)
 .bss           0x00204214        0x0 /opt/riscv-xpack/bin/../lib/gcc/riscv-none-elf/13.2.0/../../../../riscv-none-elf/lib/rv32im/ilp32/libc.a(libc_a-svfscanf.o)
 .bss           0x00204214        0x0 /opt/riscv-xpack/bin/../lib/gcc/riscv-none-elf/13.2.0/../../../../riscv-none-elf/lib/rv32im/ilp32/libc.a(libc_a-vfprintf.o)
 .bss           0x00204214        0x0 /opt/riscv-xpack/bin/../lib/gcc/riscv-none-elf/13.2.0/../../../../riscv-none-elf/lib/rv32im/ilp32/libc.a(libc_a-flags.o)
 .bss           0x00204214        0x0 /opt/riscv-xpack/bin/../lib/gcc/riscv-none-elf/13.2.0/../../../../riscv-none-elf/lib/rv32im/ilp32/libc.a(libc_a-makebuf.o)
 .bss           0x00204214        0x0 /opt/riscv-xpack/bin/../lib/gcc/riscv-none-elf/13.2.0/../../../../riscv-none-elf/lib/rv32im/ilp32/libc.a(libc_a-putc.o)
 .bss           0x00204214        0x0 /opt/riscv-xpack/bin/../lib/gcc/riscv-none-elf/13.2.0/../../../../riscv-none-elf/lib/rv32im/ilp32/libc.a(libc_a-sccl.o)
 .bss           0x00204214        0x0 /opt/riscv-xpack/bin/../lib/gcc/riscv-none-elf/13.2.0/../../../../riscv-none-elf/lib/rv32im/ilp32/libc.a(libc_a-wbuf.o)
 .bss           0x00204214        0x0 /opt/riscv-xpack/bin/../lib/gcc/riscv-none-elf/13.2.0/../../../../riscv-none-elf/lib/rv32im/ilp32/libc.a(libc_a-strcasecmp.o)
 .bss           0x00204214        0x0 /opt/riscv-xpack/bin/../lib/gcc/riscv-none-elf/13.2.0/../../../../riscv-none-elf/lib/rv32im/ilp32/libc.a(libc_a-strcat.o)
 .bss           0x00204214        0x0 /opt/riscv-xpack/bin/../lib/gcc/riscv-none-elf/13.2.0/../../../../riscv-none-elf/lib/rv32im/ilp32/libc.a(libc_a-strlcpy.o)
 .bss           0x00204214        0x0 /opt/riscv-xpack/bin/../lib/gcc/riscv-none-elf/13.2.0/../../../../riscv-none-elf/lib/rv32im/ilp32/libc.a(libc_a-strncasecmp.o)
 .bss           0x00204214        0x0 /opt/riscv-xpack/bin/../lib/gcc/riscv-none-elf/13.2.0/../../../../riscv-none-elf/lib/rv32im/ilp32/libc.a(libc_a-strncmp.o)
 .bss           0x00204214        0x0 /opt/riscv-xpack/bin/../lib/gcc/riscv-none-elf/13.2.0/../../../../riscv-none-elf/lib/rv32im/ilp32/libc.a(libc_a-stpncpy.o)
 .bss           0x00204214        0x0 /opt/riscv-xpack/bin/../lib/gcc/riscv-none-elf/13.2.0/../../../../riscv-none-elf/lib/rv32im/ilp32/libc.a(libc_a-isattyr.o)
 .bss           0x00204214        0x0 /opt/riscv-xpack/bin/../lib/gcc/riscv-none-elf/13.2.0/../../../../riscv-none-elf/lib/rv32im/ilp32/libc.a(libc_a-fini.o)
 .bss           0x00204214        0x0 /opt/riscv-xpack/bin/../lib/gcc/riscv-none-elf/13.2.0/../../../../riscv-none-elf/lib/rv32im/ilp32/libc.a(libm_a-sf_nan.o)
 .bss           0x00204214        0x0 /opt/riscv-xpack/bin/../lib/gcc/riscv-none-elf/13.2.0/../../../../riscv-none-elf/lib/rv32im/ilp32/libc.a(libc_a-dtoa.o)
 .bss           0x00204214        0x0 /opt/riscv-xpack/bin/../lib/gcc/riscv-none-elf/13.2.0/../../../../riscv-none-elf/lib/rv32im/ilp32/libc.a(libc_a-environ.o)
 .bss           0x00204214        0x0 /opt/riscv-xpack/bin/../lib/gcc/riscv-none-elf/13.2.0/../../../../riscv-none-elf/lib/rv32im/ilp32/libc.a(libc_a-envlock.o)
 .bss           0x00204214        0x0 /opt/riscv-xpack/bin/../lib/gcc/riscv-none-elf/13.2.0/../../../../riscv-none-elf/lib/rv32im/ilp32/libc.a(libc_a-mprec.o)
 .bss           0x00204214        0x0 /opt/riscv-xpack/bin/../lib/gcc/riscv-none-elf/13.2.0/../../../../riscv-none-elf/lib/rv32im/ilp32/libc.a(libc_a-realloc.o)
 .bss           0x00204214        0x0 /opt/riscv-xpack/bin/../lib/gcc/riscv-none-elf/13.2.0/../../../../riscv-none-elf/lib/rv32im/ilp32/libc.a(libc_a-strtod.o)
 .bss           0x00204214        0x0 /opt/riscv-xpack/bin/../lib/gcc/riscv-none-elf/13.2.0/../../../../riscv-none-elf/lib/rv32im/ilp32/libc.a(libc_a-strtoul.o)
 .bss           0x00204214        0x0 /opt/riscv-xpack/bin/../lib/gcc/riscv-none-elf/13.2.0/../../../../riscv-none-elf/lib/rv32im/ilp32/libc.a(libc_a-strtoll.o)
 .bss           0x00204214        0x0 /opt/riscv-xpack/bin/../lib/gcc/riscv-none-elf/13.2.0/../../../../riscv-none-elf/lib/rv32im/ilp32/libc.a(libc_a-strtoull.o)
 .bss           0x00204214        0x0 /opt/riscv-xpack/bin/../lib/gcc/riscv-none-elf/13.2.0/../../../../riscv-none-elf/lib/rv32im/ilp32/libc.a(libc_a-mbrtowc.o)
 .bss           0x00204214        0x0 /opt/riscv-xpack/bin/../lib/gcc/riscv-none-elf/13.2.0/../../../../riscv-none-elf/lib/rv32im/ilp32/libc.a(libc_a-wcsnrtombs.o)
 .bss           0x00204214        0x0 /opt/riscv-xpack/bin/../lib/gcc/riscv-none-elf/13.2.0/../../../../riscv-none-elf/lib/rv32im/ilp32/libc.a(libc_a-iswspace.o)
 .bss           0x00204214        0x0 /opt/riscv-xpack/bin/../lib/gcc/riscv-none-elf/13.2.0/../../../../riscv-none-elf/lib/rv32im/ilp32/libc.a(libc_a-iswspace_l.o)
 .bss           0x00204214        0x0 /opt/riscv-xpack/bin/../lib/gcc/riscv-none-elf/13.2.0/../../../../riscv-none-elf/lib/rv32im/ilp32/libc.a(libc_a-jp2uc.o)
 .bss           0x00204214        0x0 /opt/riscv-xpack/bin/../lib/gcc/riscv-none-elf/13.2.0/../../../../riscv-none-elf/lib/rv32im/ilp32/libc.a(libc_a-svfiprintf.o)
 .bss           0x00204214        0x0 /opt/riscv-xpack/bin/../lib/gcc/riscv-none-elf/13.2.0/../../../../riscv-none-elf/lib/rv32im/ilp32/libc.a(libc_a-svfiscanf.o)
 .bss           0x00204214        0x0 /opt/riscv-xpack/bin/../lib/gcc/riscv-none-elf/13.2.0/../../../../riscv-none-elf/lib/rv32im/ilp32/libc.a(libc_a-ungetc.o)
 .bss           0x00204214        0x0 /opt/riscv-xpack/bin/../lib/gcc/riscv-none-elf/13.2.0/../../../../riscv-none-elf/lib/rv32im/ilp32/libc.a(libm_a-s_nan.o)
 .bss           0x00204214        0x0 /opt/riscv-xpack/bin/../lib/gcc/riscv-none-elf/13.2.0/../../../../riscv-none-elf/lib/rv32im/ilp32/libc.a(libc_a-gdtoa-gethex.o)
 .bss           0x00204214        0x0 /opt/riscv-xpack/bin/../lib/gcc/riscv-none-elf/13.2.0/../../../../riscv-none-elf/lib/rv32im/ilp32/libc.a(libc_a-gdtoa-hexnan.o)
 .bss           0x00204214        0x0 /opt/riscv-xpack/bin/../lib/gcc/riscv-none-elf/13.2.0/../../../../riscv-none-elf/lib/rv32im/ilp32/libc.a(libc_a-categories.o)
 .bss           0x00204214        0x0 /opt/riscv-xpack/bin/../lib/gcc/riscv-none-elf/13.2.0/../../../../riscv-none-elf/lib/rv32im/ilp32/libm.a(libm_a-s_cos.o)
 .bss           0x00204214        0x0 /opt/riscv-xpack/bin/../lib/gcc/riscv-none-elf/13.2.0/../../../../riscv-none-elf/lib/rv32im/ilp32/libm.a(libm_a-s_sin.o)
 .bss           0x00204214        0x0 /opt/riscv-xpack/bin/../lib/gcc/riscv-none-elf/13.2.0/../../../../riscv-none-elf/lib/rv32im/ilp32/libm.a(libm_a-wf_exp.o)
 .bss           0x00204214        0x0 /opt/riscv-xpack/bin/../lib/gcc/riscv-none-elf/13.2.0/../../../../riscv-none-elf/lib/rv32im/ilp32/libm.a(libm_a-wf_pow.o)
 .bss           0x00204214        0x0 /opt/riscv-xpack/bin/../lib/gcc/riscv-none-elf/13.2.0/../../../../riscv-none-elf/lib/rv32im/ilp32/libm.a(libm_a-wf_sqrt.o)
 .bss           0x00204214        0x0 /opt/riscv-xpack/bin/../lib/gcc/riscv-none-elf/13.2.0/../../../../riscv-none-elf/lib/rv32im/ilp32/libm.a(libm_a-sf_ceil.o)
 .bss           0x00204214        0x0 /opt/riscv-xpack/bin/../lib/gcc/riscv-none-elf/13.2.0/../../../../riscv-none-elf/lib/rv32im/ilp32/libm.a(libm_a-sf_floor.o)
 .bss           0x00204214        0x0 /opt/riscv-xpack/bin/../lib/gcc/riscv-none-elf/13.2.0/../../../../riscv-none-elf/lib/rv32im/ilp32/libm.a(libm_a-s_round.o)
 .bss           0x00204214        0x0 /opt/riscv-xpack/bin/../lib/gcc/riscv-none-elf/13.2.0/../../../../riscv-none-elf/lib/rv32im/ilp32/libm.a(libm_a-ef_sqrt.o)
 .bss           0x00204214        0x0 /opt/riscv-xpack/bin/../lib/gcc/riscv-none-elf/13.2.0/../../../../riscv-none-elf/lib/rv32im/ilp32/libm.a(libm_a-sf_finite.o)
 .bss           0x00204214        0x0 /opt/riscv-xpack/bin/../lib/gcc/riscv-none-elf/13.2.0/../../../../riscv-none-elf/lib/rv32im/ilp32/libm.a(libm_a-k_cos.o)
 .bss           0x00204214        0x0 /opt/riscv-xpack/bin/../lib/gcc/riscv-none-elf/13.2.0/../../../../riscv-none-elf/lib/rv32im/ilp32/libm.a(libm_a-k_sin.o)
 .bss           0x00204214        0x0 /opt/riscv-xpack/bin/../lib/gcc/riscv-none-elf/13.2.0/../../../../riscv-none-elf/lib/rv32im/ilp32/libm.a(libm_a-e_rem_pio2.o)
 .bss           0x00204214        0x0 /opt/riscv-xpack/bin/../lib/gcc/riscv-none-elf/13.2.0/../../../../riscv-none-elf/lib/rv32im/ilp32/libm.a(libm_a-ef_exp.o)
 .bss           0x00204214        0x0 /opt/riscv-xpack/bin/../lib/gcc/riscv-none-elf/13.2.0/../../../../riscv-none-elf/lib/rv32im/ilp32/libm.a(libm_a-ef_pow.o)
 .bss           0x00204214        0x0 /opt/riscv-xpack/bin/../lib/gcc/riscv-none-elf/13.2.0/../../../../riscv-none-elf/lib/rv32im/ilp32/libm.a(libm_a-sf_scalbn.o)
 .bss           0x00204214        0x0 /opt/riscv-xpack/bin/../lib/gcc/riscv-none-elf/13.2.0/../../../../riscv-none-elf/lib/rv32im/ilp32/libm.a(libm_a-math_errf.o)
 .bss           0x00204214        0x0 /opt/riscv-xpack/bin/../lib/gcc/riscv-none-elf/13.2.0/../../../../riscv-none-elf/lib/rv32im/ilp32/libm.a(libm_a-s_fabs.o)
 .bss           0x00204214        0x0 /opt/riscv-xpack/bin/../lib/gcc/riscv-none-elf/13.2.0/../../../../riscv-none-elf/lib/rv32im/ilp32/libm.a(libm_a-sf_fabs.o)
 .bss           0x00204214        0x0 /opt/riscv-xpack/bin/../lib/gcc/riscv-none-elf/13.2.0/../../../../riscv-none-elf/lib/rv32im/ilp32/libm.a(libm_a-k_rem_pio2.o)
 .bss           0x00204214        0x0 /opt/riscv-xpack/bin/../lib/gcc/riscv-none-elf/13.2.0/../../../../riscv-none-elf/lib/rv32im/ilp32/libm.a(libm_a-s_floor.o)
 .bss           0x00204214        0x0 /opt/riscv-xpack/bin/../lib/gcc/riscv-none-elf/13.2.0/../../../../riscv-none-elf/lib/rv32im/ilp32/libm.a(libm_a-s_scalbn.o)
 .bss           0x00204214        0x0 /opt/riscv-xpack/bin/../lib/gcc/riscv-none-elf/13.2.0/../../../../riscv-none-elf/lib/rv32im/ilp32/libstdc++.a(class_type_info.o)
 .bss           0x00204214        0x0 /opt/riscv-xpack/bin/../lib/gcc/riscv-none-elf/13.2.0/../../../../riscv-none-elf/lib/rv32im/ilp32/libstdc++.a(del_ops.o)
 .bss           0x00204214        0x0 /opt/riscv-xpack/bin/../lib/gcc/riscv-none-elf/13.2.0/../../../../riscv-none-elf/lib/rv32im/ilp32/libstdc++.a(eh_catch.o)
 .bss           0x00204214        0x0 /opt/riscv-xpack/bin/../lib/gcc/riscv-none-elf/13.2.0/../../../../riscv-none-elf/lib/rv32im/ilp32/libstdc++.a(eh_globals.o)
 .bss           0x00204214        0x0 /opt/riscv-xpack/bin/../lib/gcc/riscv-none-elf/13.2.0/../../../../riscv-none-elf/lib/rv32im/ilp32/libstdc++.a(eh_personality.o)
 .bss           0x00204214        0x0 /opt/riscv-xpack/bin/../lib/gcc/riscv-none-elf/13.2.0/../../../../riscv-none-elf/lib/rv32im/ilp32/libstdc++.a(eh_terminate.o)
 .bss           0x00204214        0x0 /opt/riscv-xpack/bin/../lib/gcc/riscv-none-elf/13.2.0/../../../../riscv-none-elf/lib/rv32im/ilp32/libstdc++.a(eh_throw.o)
 .bss           0x00204214        0x0 /opt/riscv-xpack/bin/../lib/gcc/riscv-none-elf/13.2.0/../../../../riscv-none-elf/lib/rv32im/ilp32/libstdc++.a(eh_unex_handler.o)
 .bss           0x00204214        0x0 /opt/riscv-xpack/bin/../lib/gcc/riscv-none-elf/13.2.0/../../../../riscv-none-elf/lib/rv32im/ilp32/libstdc++.a(guard.o)
 .bss           0x00204214        0x0 /opt/riscv-xpack/bin/../lib/gcc/riscv-none-elf/13.2.0/../../../../riscv-none-elf/lib/rv32im/ilp32/libstdc++.a(guard_error.o)
 .bss           0x00204214        0x0 /opt/riscv-xpack/bin/../lib/gcc/riscv-none-elf/13.2.0/../../../../riscv-none-elf/lib/rv32im/ilp32/libstdc++.a(new_op.o)
 .bss           0x00204214        0x0 /opt/riscv-xpack/bin/../lib/gcc/riscv-none-elf/13.2.0/../../../../riscv-none-elf/lib/rv32im/ilp32/libstdc++.a(si_class_type_info.o)
 .bss           0x00204214        0x0 /opt/riscv-xpack/bin/../lib/gcc/riscv-none-elf/13.2.0/../../../../riscv-none-elf/lib/rv32im/ilp32/libstdc++.a(tinfo.o)
 .bss           0x00204214        0x0 /opt/riscv-xpack/bin/../lib/gcc/riscv-none-elf/13.2.0/../../../../riscv-none-elf/lib/rv32im/ilp32/libstdc++.a(vterminate.o)
 .bss           0x00204214        0x0 /opt/riscv-xpack/bin/../lib/gcc/riscv-none-elf/13.2.0/../../../../riscv-none-elf/lib/rv32im/ilp32/libstdc++.a(functexcept.o)
 .bss           0x00204214        0x0 /opt/riscv-xpack/bin/../lib/gcc/riscv-none-elf/13.2.0/../../../../riscv-none-elf/lib/rv32im/ilp32/libstdc++.a(snprintf_lite.o)
 .bss           0x00204214        0x0 /opt/riscv-xpack/bin/../lib/gcc/riscv-none-elf/13.2.0/../../../../riscv-none-elf/lib/rv32im/ilp32/libstdc++.a(string-inst.o)
 .bss           0x00204214        0x0 /opt/riscv-xpack/bin/../lib/gcc/riscv-none-elf/13.2.0/../../../../riscv-none-elf/lib/rv32im/ilp32/libstdc++.a(bad_alloc.o)
 .bss           0x00204214        0x0 /opt/riscv-xpack/bin/../lib/gcc/riscv-none-elf/13.2.0/../../../../riscv-none-elf/lib/rv32im/ilp32/libstdc++.a(bad_array_new.o)
 .bss           0x00204214        0x0 /opt/riscv-xpack/bin/../lib/gcc/riscv-none-elf/13.2.0/../../../../riscv-none-elf/lib/rv32im/ilp32/libstdc++.a(bad_cast.o)
 .bss           0x00204214        0x0 /opt/riscv-xpack/bin/../lib/gcc/riscv-none-elf/13.2.0/../../../../riscv-none-elf/lib/rv32im/ilp32/libstdc++.a(bad_typeid.o)
 .bss           0x00204214        0x0 /opt/riscv-xpack/bin/../lib/gcc/riscv-none-elf/13.2.0/../../../../riscv-none-elf/lib/rv32im/ilp32/libstdc++.a(cp-demangle.o)
 .bss           0x00204214        0x0 /opt/riscv-xpack/bin/../lib/gcc/riscv-none-elf/13.2.0/../../../../riscv-none-elf/lib/rv32im/ilp32/libstdc++.a(del_op.o)
 .bss           0x00204214        0x0 /opt/riscv-xpack/bin/../lib/gcc/riscv-none-elf/13.2.0/../../../../riscv-none-elf/lib/rv32im/ilp32/libstdc++.a(eh_alloc.o)
 .bss._ZN12_GLOBAL__N_114emergency_poolE
                0x00204214       0x10 /opt/riscv-xpack/bin/../lib/gcc/riscv-none-elf/13.2.0/../../../../riscv-none-elf/lib/rv32im/ilp32/libstdc++.a(eh_alloc.o)
 .bss           0x00204224        0x0 /opt/riscv-xpack/bin/../lib/gcc/riscv-none-elf/13.2.0/../../../../riscv-none-elf/lib/rv32im/ilp32/libstdc++.a(eh_call.o)
 .bss           0x00204224        0x0 /opt/riscv-xpack/bin/../lib/gcc/riscv-none-elf/13.2.0/../../../../riscv-none-elf/lib/rv32im/ilp32/libstdc++.a(eh_exception.o)
 .bss           0x00204224        0x0 /opt/riscv-xpack/bin/../lib/gcc/riscv-none-elf/13.2.0/../../../../riscv-none-elf/lib/rv32im/ilp32/libstdc++.a(eh_term_handler.o)
 .bss           0x00204224        0x0 /opt/riscv-xpack/bin/../lib/gcc/riscv-none-elf/13.2.0/../../../../riscv-none-elf/lib/rv32im/ilp32/libstdc++.a(eh_type.o)
 .bss           0x00204224        0x0 /opt/riscv-xpack/bin/../lib/gcc/riscv-none-elf/13.2.0/../../../../riscv-none-elf/lib/rv32im/ilp32/libstdc++.a(new_handler.o)
 .bss           0x00204224        0x0 /opt/riscv-xpack/bin/../lib/gcc/riscv-none-elf/13.2.0/../../../../riscv-none-elf/lib/rv32im/ilp32/libstdc++.a(stdexcept.o)
 .bss           0x00204224        0x0 /opt/riscv-xpack/bin/../lib/gcc/riscv-none-elf/13.2.0/../../../../riscv-none-elf/lib/rv32im/ilp32/libstdc++.a(cow-stdexcept.o)
 .bss           0x00204224        0x0 /opt/riscv-xpack/bin/../lib/gcc/riscv-none-elf/13.2.0/../../../../riscv-none-elf/lib/rv32im/ilp32/libstdc++.a(cow-string-inst.o)
 .bss._ZNSs4_Rep20_S_empty_rep_storageE
                0x00204224       0x10 /opt/riscv-xpack/bin/../lib/gcc/riscv-none-elf/13.2.0/../../../../riscv-none-elf/lib/rv32im/ilp32/libstdc++.a(cow-string-inst.o)
                0x00204224                std::string::_Rep::_S_empty_rep_storage
 .bss           0x00204234        0x0 /opt/riscv-xpack/bin/../lib/gcc/riscv-none-elf/13.2.0/../../../../riscv-none-elf/lib/rv32im/ilp32/libstdc++.a(random.o)
 .bss           0x00204234        0x0 /opt/riscv-xpack/bin/../lib/gcc/riscv-none-elf/13.2.0/../../../../riscv-none-elf/lib/rv32im/ilp32/libstdc++.a(sso_string.o)
 .bss           0x00204234        0x0 /opt/riscv-xpack/bin/../lib/gcc/riscv-none-elf/13.2.0/rv32im/ilp32/libgcc.a(_udivdi3.o)
 .bss           0x00204234        0x0 /opt/riscv-xpack/bin/../lib/gcc/riscv-none-elf/13.2.0/rv32im/ilp32/libgcc.a(_umoddi3.o)
 .bss           0x00204234        0x0 /opt/riscv-xpack/bin/../lib/gcc/riscv-none-elf/13.2.0/rv32im/ilp32/libgcc.a(subdf3.o)
 .bss           0x00204234        0x0 /opt/riscv-xpack/bin/../lib/gcc/riscv-none-elf/13.2.0/rv32im/ilp32/libgcc.a(unorddf2.o)
 .bss           0x00204234        0x0 /opt/riscv-xpack/bin/../lib/gcc/riscv-none-elf/13.2.0/rv32im/ilp32/libgcc.a(fixunsdfsi.o)
 .bss           0x00204234        0x0 /opt/riscv-xpack/bin/../lib/gcc/riscv-none-elf/13.2.0/rv32im/ilp32/libgcc.a(floatsidf.o)
 .bss           0x00204234        0x0 /opt/riscv-xpack/bin/../lib/gcc/riscv-none-elf/13.2.0/rv32im/ilp32/libgcc.a(floatunsidf.o)
 .bss           0x00204234        0x0 /opt/riscv-xpack/bin/../lib/gcc/riscv-none-elf/13.2.0/rv32im/ilp32/libgcc.a(floatdidf.o)
 .bss           0x00204234        0x0 /opt/riscv-xpack/bin/../lib/gcc/riscv-none-elf/13.2.0/rv32im/ilp32/libgcc.a(unordsf2.o)
 .bss           0x00204234        0x0 /opt/riscv-xpack/bin/../lib/gcc/riscv-none-elf/13.2.0/rv32im/ilp32/libgcc.a(extenddftf2.o)
 .bss           0x00204234        0x0 /opt/riscv-xpack/bin/../lib/gcc/riscv-none-elf/13.2.0/rv32im/ilp32/libgcc.a(trunctfdf2.o)
 .bss           0x00204234        0x0 /opt/riscv-xpack/bin/../lib/gcc/riscv-none-elf/13.2.0/../../../../riscv-none-elf/lib/rv32im/ilp32/libc.a(libc_a-getenv.o)
 .bss           0x00204234        0x0 /opt/riscv-xpack/bin/../lib/gcc/riscv-none-elf/13.2.0/../../../../riscv-none-elf/lib/rv32im/ilp32/libc.a(libc_a-fputc.o)
 .bss           0x00204234        0x0 /opt/riscv-xpack/bin/../lib/gcc/riscv-none-elf/13.2.0/../../../../riscv-none-elf/lib/rv32im/ilp32/libc.a(libc_a-fputs.o)
 *(.gnu.linkonce.b.*)
 *(COMMON)
 *fill*         0x00204234        0x4 
 COMMON         0x00204238        0x8 build/base/task.o
                0x00204238                task_sp
                0x00204240                        . = ALIGN (0x4)
                0x00204240                        _bss_end = .

.data           0x00204240   0x7c4f6c
 *(.rdata)
 *(.rodata .rodata.*)
 .rodata.str1.4
                0x00204240     0x2df2 build/base/newlib.o
                                 0x89 (size before relaxing)
 *fill*         0x00207032        0x2 
 .rodata        0x00207034   0x7b18ae build/base/newlib.o
 .rodata.str1.4
                0x009b88e2       0x98 build/base/ztalog.o
 *fill*         0x009b88e2        0x2 
 .rodata        0x009b88e4        0xc build/base/ztalog.o
 .rodata.str1.4
                0x009b88f0       0xc9 build/base/tensor.o
 .rodata._ZNSt6vectorIiSaIiEE17_M_realloc_insertIJRKiEEEvN9__gnu_cxx17__normal_iteratorIPiS1_EEDpOT_.str1.4
                0x009b88f0       0x1a build/base/tensor.o
 .rodata.str1.4
                0x009b88f0        0x3 build/base/util.o
 .rodata.str1.4
                0x009b88f0       0x84 build/base/graph.o
 .rodata._ZTS9GraphNode
                0x009b88f0        0xb build/base/graph.o
                0x009b88f0                typeinfo name for GraphNode
 *fill*         0x009b88fb        0x1 
 .rodata._ZTV9GraphNode
                0x009b88fc       0x1c build/base/graph.o
                0x009b88fc                vtable for GraphNode
 .rodata.str1.4
                0x009b8918       0xe4 build/base/net.o
 .rodata.str1.4
                0x009b8918      0x2ab build/src/test_llm.o
 .rodata.str1.4
                0x009b8918      0x119 build/src/vision_ai.o
 .rodata        0x009b8918       0x50 build/src/vision_ai.o
 .rodata.str1.4
                0x009b8968       0x48 build/src/mpy.o
 .rodata._ZNSt6vectorImSaImEE17_M_realloc_insertIJmEEEvN9__gnu_cxx17__normal_iteratorIPmS1_EEDpOT_.str1.4
                0x009b8968       0x1a build/src/mpy.o
 .rodata        0x009b8968        0xc build/src/mpy.o
 .rodata.str1.4
                0x009b8974       0x51 build/apps/color/color.o
 .rodata        0x009b8974       0x14 build/apps/color/color.o
 .rodata._ZTS24GraphNodeColorAndReshape
                0x009b8988       0x1b build/apps/color/color.o
                0x009b8988                typeinfo name for GraphNodeColorAndReshape
 *fill*         0x009b89a3        0x1 
 .rodata._ZTI24GraphNodeColorAndReshape
                0x009b89a4        0xc build/apps/color/color.o
                0x009b89a4                typeinfo for GraphNodeColorAndReshape
 .rodata._ZTV24GraphNodeColorAndReshape
                0x009b89b0       0x1c build/apps/color/color.o
                0x009b89b0                vtable for GraphNodeColorAndReshape
 .rodata._ZTS20GraphNodeOpticalFlow
                0x009b89cc       0x17 build/apps/of/of.o
                0x009b89cc                typeinfo name for GraphNodeOpticalFlow
 *fill*         0x009b89e3        0x1 
 .rodata._ZTI20GraphNodeOpticalFlow
                0x009b89e4        0xc build/apps/of/of.o
                0x009b89e4                typeinfo for GraphNodeOpticalFlow
 .rodata._ZTV20GraphNodeOpticalFlow
                0x009b89f0       0x1c build/apps/of/of.o
                0x009b89f0                vtable for GraphNodeOpticalFlow
 .rodata._ZTS14GraphNodeCanny
                0x009b8a0c       0x11 build/apps/canny/canny.o
                0x009b8a0c                typeinfo name for GraphNodeCanny
 *fill*         0x009b8a1d        0x3 
 .rodata._ZTI14GraphNodeCanny
                0x009b8a20        0xc build/apps/canny/canny.o
                0x009b8a20                typeinfo for GraphNodeCanny
 .rodata._ZTV14GraphNodeCanny
                0x009b8a2c       0x1c build/apps/canny/canny.o
                0x009b8a2c                vtable for GraphNodeCanny
 .rodata._ZTS15GraphNodeHarris
                0x009b8a48       0x12 build/apps/harris/harris.o
                0x009b8a48                typeinfo name for GraphNodeHarris
 *fill*         0x009b8a5a        0x2 
 .rodata._ZTI15GraphNodeHarris
                0x009b8a5c        0xc build/apps/harris/harris.o
                0x009b8a5c                typeinfo for GraphNodeHarris
 .rodata._ZTV15GraphNodeHarris
                0x009b8a68       0x1c build/apps/harris/harris.o
                0x009b8a68                vtable for GraphNodeHarris
 .rodata        0x009b8a84       0x20 build/apps/resize/kernels/resize.m.o
 .rodata.str1.4
                0x009b8aa4       0x64 build/apps/resize/resize.o
 .rodata._ZTS15GraphNodeResize
                0x009b8aa4       0x12 build/apps/resize/resize.o
                0x009b8aa4                typeinfo name for GraphNodeResize
 *fill*         0x009b8ab6        0x2 
 .rodata._ZTI15GraphNodeResize
                0x009b8ab8        0xc build/apps/resize/resize.o
                0x009b8ab8                typeinfo for GraphNodeResize
 .rodata._ZTV15GraphNodeResize
                0x009b8ac4       0x1c build/apps/resize/resize.o
                0x009b8ac4                vtable for GraphNodeResize
 .rodata._ZTS17GraphNodeGaussian
                0x009b8ae0       0x14 build/apps/gaussian/gaussian.o
                0x009b8ae0                typeinfo name for GraphNodeGaussian
 .rodata._ZTI17GraphNodeGaussian
                0x009b8af4        0xc build/apps/gaussian/gaussian.o
                0x009b8af4                typeinfo for GraphNodeGaussian
 .rodata._ZTV17GraphNodeGaussian
                0x009b8b00       0x1c build/apps/gaussian/gaussian.o
                0x009b8b00                vtable for GraphNodeGaussian
 .rodata._ZTS17GraphNodeEqualize
                0x009b8b1c       0x14 build/apps/equalize/equalize.o
                0x009b8b1c                typeinfo name for GraphNodeEqualize
 .rodata._ZTI17GraphNodeEqualize
                0x009b8b30        0xc build/apps/equalize/equalize.o
                0x009b8b30                typeinfo for GraphNodeEqualize
 .rodata._ZTV17GraphNodeEqualize
                0x009b8b3c       0x1c build/apps/equalize/equalize.o
                0x009b8b3c                vtable for GraphNodeEqualize
 .rodata._ZTS17NeuralNetLayerAdd
                0x009b8b58       0x14 build/apps/nn/nn_add.o
                0x009b8b58                typeinfo name for NeuralNetLayerAdd
 .rodata._ZTI17NeuralNetLayerAdd
                0x009b8b6c        0xc build/apps/nn/nn_add.o
                0x009b8b6c                typeinfo for NeuralNetLayerAdd
 .rodata._ZTV17NeuralNetLayerAdd
                0x009b8b78       0x20 build/apps/nn/nn_add.o
                0x009b8b78                vtable for NeuralNetLayerAdd
 .rodata.str1.4
                0x009b8b98       0x66 build/apps/nn/nn_concat.o
 .rodata._ZNSt6vectorIPvSaIS0_EE17_M_realloc_insertIJRKS0_EEEvN9__gnu_cxx17__normal_iteratorIPS0_S2_EEDpOT_.str1.4
                0x009b8b98       0x1a build/apps/nn/nn_concat.o
 .rodata._ZTS20NeuralNetLayerConcat
                0x009b8b98       0x17 build/apps/nn/nn_concat.o
                0x009b8b98                typeinfo name for NeuralNetLayerConcat
 *fill*         0x009b8baf        0x1 
 .rodata._ZTI20NeuralNetLayerConcat
                0x009b8bb0        0xc build/apps/nn/nn_concat.o
                0x009b8bb0                typeinfo for NeuralNetLayerConcat
 .rodata._ZTV20NeuralNetLayerConcat
                0x009b8bbc       0x20 build/apps/nn/nn_concat.o
                0x009b8bbc                vtable for NeuralNetLayerConcat
 .rodata.str1.4
                0x009b8bdc      0x131 build/apps/nn/nn_conv2d.o
 .rodata._ZTS20NeuralNetLayerConv2D
                0x009b8bdc       0x17 build/apps/nn/nn_conv2d.o
                0x009b8bdc                typeinfo name for NeuralNetLayerConv2D
 *fill*         0x009b8bf3        0x1 
 .rodata._ZTI20NeuralNetLayerConv2D
                0x009b8bf4        0xc build/apps/nn/nn_conv2d.o
                0x009b8bf4                typeinfo for NeuralNetLayerConv2D
 .rodata._ZTV20NeuralNetLayerConv2D
                0x009b8c00       0x20 build/apps/nn/nn_conv2d.o
                0x009b8c00                vtable for NeuralNetLayerConv2D
 .rodata._ZNSt6vectorIP14NeuralNetLayerSaIS1_EE17_M_realloc_insertIJRKS1_EEEvN9__gnu_cxx17__normal_iteratorIPS1_S3_EEDpOT_.str1.4
                0x009b8c20       0x1a build/apps/nn/nn.o
 .rodata.str1.4
                0x009b8c20       0xcf build/apps/nn/nn.o
 .rodata        0x009b8c20       0x3c build/apps/nn/nn.o
 .rodata._ZTS14NeuralNetLayer
                0x009b8c5c       0x11 build/apps/nn/nn.o
                0x009b8c5c                typeinfo name for NeuralNetLayer
 *fill*         0x009b8c6d        0x3 
 .rodata._ZTS9NeuralNet
                0x009b8c70        0xb build/apps/nn/nn.o
                0x009b8c70                typeinfo name for NeuralNet
 *fill*         0x009b8c7b        0x1 
 .rodata._ZTI9NeuralNet
                0x009b8c7c        0xc build/apps/nn/nn.o
                0x009b8c7c                typeinfo for NeuralNet
 .rodata._ZTV9NeuralNet
                0x009b8c88       0x20 build/apps/nn/nn.o
                0x009b8c88                vtable for NeuralNet
 .rodata._ZTV14NeuralNetLayer
                0x009b8ca8       0x20 build/apps/nn/nn.o
                0x009b8ca8                vtable for NeuralNetLayer
 .rodata._ZTS22NeuralNetLayerLogistic
                0x009b8cc8       0x19 build/apps/nn/nn_logistic.o
                0x009b8cc8                typeinfo name for NeuralNetLayerLogistic
 *fill*         0x009b8ce1        0x3 
 .rodata._ZTI22NeuralNetLayerLogistic
                0x009b8ce4        0xc build/apps/nn/nn_logistic.o
                0x009b8ce4                typeinfo for NeuralNetLayerLogistic
 .rodata._ZTV22NeuralNetLayerLogistic
                0x009b8cf0       0x20 build/apps/nn/nn_logistic.o
                0x009b8cf0                vtable for NeuralNetLayerLogistic
 .rodata._ZNSt6vectorIiSaIiEE17_M_realloc_insertIJRKiEEEvN9__gnu_cxx17__normal_iteratorIPiS1_EEDpOT_.str1.4
                0x009b8d10       0x1a build/apps/nn/nn_objdect.o
 .rodata._ZTS23NeuralNetLayerObjDetect
                0x009b8d10       0x1a build/apps/nn/nn_objdect.o
                0x009b8d10                typeinfo name for NeuralNetLayerObjDetect
 *fill*         0x009b8d2a        0x2 
 .rodata._ZTI23NeuralNetLayerObjDetect
                0x009b8d2c        0xc build/apps/nn/nn_objdect.o
                0x009b8d2c                typeinfo for NeuralNetLayerObjDetect
 .rodata._ZTV23NeuralNetLayerObjDetect
                0x009b8d38       0x20 build/apps/nn/nn_objdect.o
                0x009b8d38                vtable for NeuralNetLayerObjDetect
 .rodata._ZTS21NeuralNetLayerPoolAvg
                0x009b8d58       0x18 build/apps/nn/nn_poolavg.o
                0x009b8d58                typeinfo name for NeuralNetLayerPoolAvg
 .rodata._ZTI21NeuralNetLayerPoolAvg
                0x009b8d70        0xc build/apps/nn/nn_poolavg.o
                0x009b8d70                typeinfo for NeuralNetLayerPoolAvg
 .rodata._ZTV21NeuralNetLayerPoolAvg
                0x009b8d7c       0x20 build/apps/nn/nn_poolavg.o
                0x009b8d7c                vtable for NeuralNetLayerPoolAvg
 .rodata._ZTS21NeuralNetLayerReshape
                0x009b8d9c       0x18 build/apps/nn/nn_reshape.o
                0x009b8d9c                typeinfo name for NeuralNetLayerReshape
 .rodata._ZTI21NeuralNetLayerReshape
                0x009b8db4        0xc build/apps/nn/nn_reshape.o
                0x009b8db4                typeinfo for NeuralNetLayerReshape
 .rodata._ZTV21NeuralNetLayerReshape
                0x009b8dc0       0x20 build/apps/nn/nn_reshape.o
                0x009b8dc0                vtable for NeuralNetLayerReshape
 .rodata.str1.4
                0x009b8de0      0x123 build/apps/nn/nn_util.o
 .rodata._ZNSt6vectorIP6TENSORSaIS1_EE17_M_realloc_insertIJRKS1_EEEvN9__gnu_cxx17__normal_iteratorIPS1_S3_EEDpOT_.str1.4
                0x009b8de0       0x1a build/apps/nn/tf.o
 .rodata.str1.4
                0x009b8de0      0x266 build/apps/nn/tf.o
 .rodata        0x009b8de0       0x20 build/apps/nn/tf.o
 .rodata._ZTS8TfliteNn
                0x009b8e00        0xa build/apps/nn/tf.o
                0x009b8e00                typeinfo name for TfliteNn
 *fill*         0x009b8e0a        0x2 
 .rodata._ZTI8TfliteNn
                0x009b8e0c        0xc build/apps/nn/tf.o
                0x009b8e0c                typeinfo for TfliteNn
 .rodata._ZTV8TfliteNn
                0x009b8e18       0x20 build/apps/nn/tf.o
                0x009b8e18                vtable for TfliteNn
 .rodata.str1.4
                0x009b8e38      0x113 build/apps/nn/tf_util.o
 .rodata        0x009b8e38      0x1c4 build/apps/nn/tf_util.o
 .rodata        0x009b8ffc       0x20 build/apps/nn/kernels/conv.m.o
 .rodata.str1.4
                0x009b901c       0x43 build/apps/llm/kernels/llm.m.o
 .rodata        0x009b901c       0x46 build/apps/llm/kernels/llm.m.o
 .rodata.str1.4
                0x009b9062       0x2d build/apps/llm/reference/llm_ref.o
 *fill*         0x009b9062        0x2 
 .rodata        0x009b9064       0x3d build/apps/llm/reference/llm_ref.o
 .rodata.str1.4
                0x009b90a1      0x50d build/apps/llm/llm.o
 .rodata._ZNSt6vectorIiSaIiEE17_M_realloc_insertIJRKiEEEvN9__gnu_cxx17__normal_iteratorIPiS1_EEDpOT_.str1.4
                0x009b90a1       0x1a build/apps/llm/llm.o
 .rodata.str1.4
                0x009b90a1      0x105 build/apps/llm/tokenizer.o
 .rodata._ZNSt6vectorIiSaIiEE17_M_realloc_insertIJRKiEEEvN9__gnu_cxx17__normal_iteratorIPiS1_EEDpOT_.str1.4
                0x009b90a1       0x1a build/apps/llm/tokenizer.o
 *fill*         0x009b90a1        0x3 
 .rodata._ZTS9Tokenizer
                0x009b90a4        0xb build/apps/llm/tokenizer.o
                0x009b90a4                typeinfo name for Tokenizer
 *fill*         0x009b90af        0x1 
 .rodata._ZTS12TokenizerSPM
                0x009b90b0        0xf build/apps/llm/tokenizer.o
                0x009b90b0                typeinfo name for TokenizerSPM
 *fill*         0x009b90bf        0x1 
 .rodata._ZTI12TokenizerSPM
                0x009b90c0        0xc build/apps/llm/tokenizer.o
                0x009b90c0                typeinfo for TokenizerSPM
 .rodata._ZTS12TokenizerBFE
                0x009b90cc        0xf build/apps/llm/tokenizer.o
                0x009b90cc                typeinfo name for TokenizerBFE
 *fill*         0x009b90db        0x1 
 .rodata._ZTI12TokenizerBFE
                0x009b90dc        0xc build/apps/llm/tokenizer.o
                0x009b90dc                typeinfo for TokenizerBFE
 .rodata._ZTV9Tokenizer
                0x009b90e8       0x18 build/apps/llm/tokenizer.o
                0x009b90e8                vtable for Tokenizer
 .rodata._ZTV12TokenizerSPM
                0x009b9100       0x1c build/apps/llm/tokenizer.o
                0x009b9100                vtable for TokenizerSPM
 .rodata._ZTV12TokenizerBFE
                0x009b911c       0x18 build/apps/llm/tokenizer.o
                0x009b911c                vtable for TokenizerBFE
 .rodata.str1.4
                0x009b9134      0x989 build/apps/llm/gguf/gguf.o
 .rodata._ZNSt6vectorINSt7__cxx1112basic_stringIcSt11char_traitsIcESaIcEEESaIS5_EE17_M_realloc_insertIJRKS5_EEEvN9__gnu_cxx17__normal_iteratorIPS5_S7_EEDpOT_.str1.4
                0x009b9134       0x1a build/apps/llm/gguf/gguf.o
 .rodata        0x009b9134       0x34 build/apps/llm/gguf/gguf.o
 .rodata.str1.4
                0x009b9168      0x2c5 build/apps/llm/gguf/zuf.o
 .rodata        0x009b9168       0x1c build/apps/llm/gguf/zuf.o
 .rodata.str1.4
                0x009b9184        0xe build/apps/gdi/gdi.o
 .rodata.str1.4
                0x009b9184       0x1b build/thirdparty/FatFs/ff.o
 .rodata.str1.4
                0x009b9184       0xaf build/src/chat.o
 .rodata.__divdf3
                0x009b9184       0x40 /opt/riscv-xpack/bin/../lib/gcc/riscv-none-elf/13.2.0/rv32im/ilp32/libgcc.a(divdf3.o)
 .rodata.__divsf3
                0x009b91c4       0xa8 /opt/riscv-xpack/bin/../lib/gcc/riscv-none-elf/13.2.0/rv32im/ilp32/libgcc.a(divsf3.o)
 .rodata.read_encoded_value
                0x009b926c       0x34 /opt/riscv-xpack/bin/../lib/gcc/riscv-none-elf/13.2.0/rv32im/ilp32/libgcc.a(unwind-dw2.o)
 .rodata.execute_stack_op
                0x009b92a0      0x29c /opt/riscv-xpack/bin/../lib/gcc/riscv-none-elf/13.2.0/rv32im/ilp32/libgcc.a(unwind-dw2.o)
 .rodata.uw_update_context_1
                0x009b953c       0x18 /opt/riscv-xpack/bin/../lib/gcc/riscv-none-elf/13.2.0/rv32im/ilp32/libgcc.a(unwind-dw2.o)
 .rodata.execute_cfa_program_specialized
                0x009b9554       0xc0 /opt/riscv-xpack/bin/../lib/gcc/riscv-none-elf/13.2.0/rv32im/ilp32/libgcc.a(unwind-dw2.o)
 .rodata.execute_cfa_program_generic
                0x009b9614       0xc0 /opt/riscv-xpack/bin/../lib/gcc/riscv-none-elf/13.2.0/rv32im/ilp32/libgcc.a(unwind-dw2.o)
 .rodata.uw_frame_state_for
                0x009b96d4       0x48 /opt/riscv-xpack/bin/../lib/gcc/riscv-none-elf/13.2.0/rv32im/ilp32/libgcc.a(unwind-dw2.o)
 .rodata.read_encoded_value_with_base
                0x009b971c       0x34 /opt/riscv-xpack/bin/../lib/gcc/riscv-none-elf/13.2.0/rv32im/ilp32/libgcc.a(unwind-dw2-fde.o)
 .rodata.__clz_tab
                0x009b9750      0x100 /opt/riscv-xpack/bin/../lib/gcc/riscv-none-elf/13.2.0/rv32im/ilp32/libgcc.a(_clz.o)
                0x009b9750                __clz_tab
 .rodata.__assert_func.str1.4
                0x009b9850       0x43 /opt/riscv-xpack/bin/../lib/gcc/riscv-none-elf/13.2.0/../../../../riscv-none-elf/lib/rv32im/ilp32/libc.a(libc_a-assert.o)
 .rodata._vfiprintf_r.str1.4
                0x009b9850       0x2f /opt/riscv-xpack/bin/../lib/gcc/riscv-none-elf/13.2.0/../../../../riscv-none-elf/lib/rv32im/ilp32/libc.a(libc_a-vfiprintf.o)
 .rodata._vfiprintf_r
                0x009b9850      0x16c /opt/riscv-xpack/bin/../lib/gcc/riscv-none-elf/13.2.0/../../../../riscv-none-elf/lib/rv32im/ilp32/libc.a(libc_a-vfiprintf.o)
 .rodata.zeroes.0
                0x009b99bc       0x10 /opt/riscv-xpack/bin/../lib/gcc/riscv-none-elf/13.2.0/../../../../riscv-none-elf/lib/rv32im/ilp32/libc.a(libc_a-vfiprintf.o)
 .rodata.blanks.1
                0x009b99cc       0x10 /opt/riscv-xpack/bin/../lib/gcc/riscv-none-elf/13.2.0/../../../../riscv-none-elf/lib/rv32im/ilp32/libc.a(libc_a-vfiprintf.o)
 .rodata._puts_r.str1.4
                0x009b99dc        0x2 /opt/riscv-xpack/bin/../lib/gcc/riscv-none-elf/13.2.0/../../../../riscv-none-elf/lib/rv32im/ilp32/libc.a(libc_a-puts.o)
 .rodata.currentlocale.str1.4
                0x009b99dc        0x2 /opt/riscv-xpack/bin/../lib/gcc/riscv-none-elf/13.2.0/../../../../riscv-none-elf/lib/rv32im/ilp32/libc.a(libc_a-locale.o)
 .rodata.__loadlocale.str1.4
                0x009b99dc       0xd6 /opt/riscv-xpack/bin/../lib/gcc/riscv-none-elf/13.2.0/../../../../riscv-none-elf/lib/rv32im/ilp32/libc.a(libc_a-locale.o)
 .rodata.__loadlocale
                0x009b99dc       0xd4 /opt/riscv-xpack/bin/../lib/gcc/riscv-none-elf/13.2.0/../../../../riscv-none-elf/lib/rv32im/ilp32/libc.a(libc_a-locale.o)
 .rodata.__get_locale_env.str1.4
                0x009b9ab0        0xd /opt/riscv-xpack/bin/../lib/gcc/riscv-none-elf/13.2.0/../../../../riscv-none-elf/lib/rv32im/ilp32/libc.a(libc_a-locale.o)
 .rodata.str1.4
                0x009b9ab0       0x4c /opt/riscv-xpack/bin/../lib/gcc/riscv-none-elf/13.2.0/../../../../riscv-none-elf/lib/rv32im/ilp32/libc.a(libc_a-locale.o)
 .rodata.__C_locale
                0x009b9ab0      0x16c /opt/riscv-xpack/bin/../lib/gcc/riscv-none-elf/13.2.0/../../../../riscv-none-elf/lib/rv32im/ilp32/libc.a(libc_a-locale.o)
                0x009b9ab0                __C_locale
 .rodata.categories
                0x009b9c1c       0x1c /opt/riscv-xpack/bin/../lib/gcc/riscv-none-elf/13.2.0/../../../../riscv-none-elf/lib/rv32im/ilp32/libc.a(libc_a-locale.o)
 .rodata.__jis_mbtowc
                0x009b9c38       0xd8 /opt/riscv-xpack/bin/../lib/gcc/riscv-none-elf/13.2.0/../../../../riscv-none-elf/lib/rv32im/ilp32/libc.a(libc_a-mbtowc_r.o)
 .rodata.JIS_action_table
                0x009b9d10       0x48 /opt/riscv-xpack/bin/../lib/gcc/riscv-none-elf/13.2.0/../../../../riscv-none-elf/lib/rv32im/ilp32/libc.a(libc_a-mbtowc_r.o)
 .rodata.JIS_state_table
                0x009b9d58       0x48 /opt/riscv-xpack/bin/../lib/gcc/riscv-none-elf/13.2.0/../../../../riscv-none-elf/lib/rv32im/ilp32/libc.a(libc_a-mbtowc_r.o)
 .rodata._ctype_
                0x009b9da0      0x101 /opt/riscv-xpack/bin/../lib/gcc/riscv-none-elf/13.2.0/../../../../riscv-none-elf/lib/rv32im/ilp32/libc.a(libc_a-ctype_.o)
                0x009b9da0                _ctype_
 .rodata._svfprintf_r.str1.4
                0x009b9ea1       0x42 /opt/riscv-xpack/bin/../lib/gcc/riscv-none-elf/13.2.0/../../../../riscv-none-elf/lib/rv32im/ilp32/libc.a(libc_a-svfprintf.o)
 *fill*         0x009b9ea1        0x3 
 .rodata._svfprintf_r
                0x009b9ea4      0x204 /opt/riscv-xpack/bin/../lib/gcc/riscv-none-elf/13.2.0/../../../../riscv-none-elf/lib/rv32im/ilp32/libc.a(libc_a-svfprintf.o)
 .rodata.zeroes.0
                0x009ba0a8       0x10 /opt/riscv-xpack/bin/../lib/gcc/riscv-none-elf/13.2.0/../../../../riscv-none-elf/lib/rv32im/ilp32/libc.a(libc_a-svfprintf.o)
 .rodata.blanks.1
                0x009ba0b8       0x10 /opt/riscv-xpack/bin/../lib/gcc/riscv-none-elf/13.2.0/../../../../riscv-none-elf/lib/rv32im/ilp32/libc.a(libc_a-svfprintf.o)
 .rodata.__ssvfscanf_r.str1.4
                0x009ba0c8        0x9 /opt/riscv-xpack/bin/../lib/gcc/riscv-none-elf/13.2.0/../../../../riscv-none-elf/lib/rv32im/ilp32/libc.a(libc_a-svfscanf.o)
 .rodata.__ssvfscanf_r
                0x009ba0c8      0x3cc /opt/riscv-xpack/bin/../lib/gcc/riscv-none-elf/13.2.0/../../../../riscv-none-elf/lib/rv32im/ilp32/libc.a(libc_a-svfscanf.o)
 .rodata.basefix.0
                0x009ba494       0x22 /opt/riscv-xpack/bin/../lib/gcc/riscv-none-elf/13.2.0/../../../../riscv-none-elf/lib/rv32im/ilp32/libc.a(libc_a-svfscanf.o)
 .rodata._vfprintf_r.str1.4
                0x009ba4b6       0x42 /opt/riscv-xpack/bin/../lib/gcc/riscv-none-elf/13.2.0/../../../../riscv-none-elf/lib/rv32im/ilp32/libc.a(libc_a-vfprintf.o)
 *fill*         0x009ba4b6        0x2 
 .rodata._vfprintf_r
                0x009ba4b8      0x204 /opt/riscv-xpack/bin/../lib/gcc/riscv-none-elf/13.2.0/../../../../riscv-none-elf/lib/rv32im/ilp32/libc.a(libc_a-vfprintf.o)
 .rodata.zeroes.0
                0x009ba6bc       0x10 /opt/riscv-xpack/bin/../lib/gcc/riscv-none-elf/13.2.0/../../../../riscv-none-elf/lib/rv32im/ilp32/libc.a(libc_a-vfprintf.o)
 .rodata.blanks.1
                0x009ba6cc       0x10 /opt/riscv-xpack/bin/../lib/gcc/riscv-none-elf/13.2.0/../../../../riscv-none-elf/lib/rv32im/ilp32/libc.a(libc_a-vfprintf.o)
 .rodata._dtoa_r.str1.4
                0x009ba6dc       0xa7 /opt/riscv-xpack/bin/../lib/gcc/riscv-none-elf/13.2.0/../../../../riscv-none-elf/lib/rv32im/ilp32/libc.a(libc_a-dtoa.o)
 .rodata.__multadd.str1.4
                0x009ba6dc       0x94 /opt/riscv-xpack/bin/../lib/gcc/riscv-none-elf/13.2.0/../../../../riscv-none-elf/lib/rv32im/ilp32/libc.a(libc_a-mprec.o)
 .rodata.p05.0  0x009ba6dc        0xc /opt/riscv-xpack/bin/../lib/gcc/riscv-none-elf/13.2.0/../../../../riscv-none-elf/lib/rv32im/ilp32/libc.a(libc_a-mprec.o)
 .rodata.__mprec_tinytens
                0x009ba6e8       0x28 /opt/riscv-xpack/bin/../lib/gcc/riscv-none-elf/13.2.0/../../../../riscv-none-elf/lib/rv32im/ilp32/libc.a(libc_a-mprec.o)
                0x009ba6e8                __mprec_tinytens
 .rodata.__mprec_bigtens
                0x009ba710       0x28 /opt/riscv-xpack/bin/../lib/gcc/riscv-none-elf/13.2.0/../../../../riscv-none-elf/lib/rv32im/ilp32/libc.a(libc_a-mprec.o)
                0x009ba710                __mprec_bigtens
 .rodata.__mprec_tens
                0x009ba738       0xc8 /opt/riscv-xpack/bin/../lib/gcc/riscv-none-elf/13.2.0/../../../../riscv-none-elf/lib/rv32im/ilp32/libc.a(libc_a-mprec.o)
                0x009ba738                __mprec_tens
 .rodata._strtod_l.str1.4
                0x009ba800       0x15 /opt/riscv-xpack/bin/../lib/gcc/riscv-none-elf/13.2.0/../../../../riscv-none-elf/lib/rv32im/ilp32/libc.a(libc_a-strtod.o)
 .rodata._strtod_l
                0x009ba800       0xd0 /opt/riscv-xpack/bin/../lib/gcc/riscv-none-elf/13.2.0/../../../../riscv-none-elf/lib/rv32im/ilp32/libc.a(libc_a-strtod.o)
 .rodata.fpinan.0
                0x009ba8d0       0x14 /opt/riscv-xpack/bin/../lib/gcc/riscv-none-elf/13.2.0/../../../../riscv-none-elf/lib/rv32im/ilp32/libc.a(libc_a-strtod.o)
 .rodata.fpi.1  0x009ba8e4       0x14 /opt/riscv-xpack/bin/../lib/gcc/riscv-none-elf/13.2.0/../../../../riscv-none-elf/lib/rv32im/ilp32/libc.a(libc_a-strtod.o)
 .rodata.tinytens
                0x009ba8f8       0x28 /opt/riscv-xpack/bin/../lib/gcc/riscv-none-elf/13.2.0/../../../../riscv-none-elf/lib/rv32im/ilp32/libc.a(libc_a-strtod.o)
 .rodata._mbrtowc_r.str1.4
                0x009ba920        0x1 /opt/riscv-xpack/bin/../lib/gcc/riscv-none-elf/13.2.0/../../../../riscv-none-elf/lib/rv32im/ilp32/libc.a(libc_a-mbrtowc.o)
 .rodata.__jp2uc
                0x009ba920       0x20 /opt/riscv-xpack/bin/../lib/gcc/riscv-none-elf/13.2.0/../../../../riscv-none-elf/lib/rv32im/ilp32/libc.a(libc_a-jp2uc.o)
 .rodata._jp2uc_l.str1.4
                0x009ba940       0x12 /opt/riscv-xpack/bin/../lib/gcc/riscv-none-elf/13.2.0/../../../../riscv-none-elf/lib/rv32im/ilp32/libc.a(libc_a-jp2uc.o)
 .rodata.d02f4  0x009ba940     0x1a7c /opt/riscv-xpack/bin/../lib/gcc/riscv-none-elf/13.2.0/../../../../riscv-none-elf/lib/rv32im/ilp32/libc.a(libc_a-jp2uc.o)
 .rodata.b02cf  0x009bc3bc     0x172a /opt/riscv-xpack/bin/../lib/gcc/riscv-none-elf/13.2.0/../../../../riscv-none-elf/lib/rv32im/ilp32/libc.a(libc_a-jp2uc.o)
 *fill*         0x009bdae6        0x2 
 .rodata.a8     0x009bdae8       0x40 /opt/riscv-xpack/bin/../lib/gcc/riscv-none-elf/13.2.0/../../../../riscv-none-elf/lib/rv32im/ilp32/libc.a(libc_a-jp2uc.o)
 .rodata.a7     0x009bdb28       0xa2 /opt/riscv-xpack/bin/../lib/gcc/riscv-none-elf/13.2.0/../../../../riscv-none-elf/lib/rv32im/ilp32/libc.a(libc_a-jp2uc.o)
 *fill*         0x009bdbca        0x2 
 .rodata.a6     0x009bdbcc       0x70 /opt/riscv-xpack/bin/../lib/gcc/riscv-none-elf/13.2.0/../../../../riscv-none-elf/lib/rv32im/ilp32/libc.a(libc_a-jp2uc.o)
 .rodata.a3     0x009bdc3c       0x5b /opt/riscv-xpack/bin/../lib/gcc/riscv-none-elf/13.2.0/../../../../riscv-none-elf/lib/rv32im/ilp32/libc.a(libc_a-jp2uc.o)
 *fill*         0x009bdc97        0x1 
 .rodata.a2     0x009bdc98       0xbc /opt/riscv-xpack/bin/../lib/gcc/riscv-none-elf/13.2.0/../../../../riscv-none-elf/lib/rv32im/ilp32/libc.a(libc_a-jp2uc.o)
 .rodata.a1     0x009bdd54       0xbc /opt/riscv-xpack/bin/../lib/gcc/riscv-none-elf/13.2.0/../../../../riscv-none-elf/lib/rv32im/ilp32/libc.a(libc_a-jp2uc.o)
 .rodata._svfiprintf_r.str1.4
                0x009bde10       0x2f /opt/riscv-xpack/bin/../lib/gcc/riscv-none-elf/13.2.0/../../../../riscv-none-elf/lib/rv32im/ilp32/libc.a(libc_a-svfiprintf.o)
 .rodata._svfiprintf_r
                0x009bde10      0x16c /opt/riscv-xpack/bin/../lib/gcc/riscv-none-elf/13.2.0/../../../../riscv-none-elf/lib/rv32im/ilp32/libc.a(libc_a-svfiprintf.o)
 .rodata.zeroes.0
                0x009bdf7c       0x10 /opt/riscv-xpack/bin/../lib/gcc/riscv-none-elf/13.2.0/../../../../riscv-none-elf/lib/rv32im/ilp32/libc.a(libc_a-svfiprintf.o)
 .rodata.blanks.1
                0x009bdf8c       0x10 /opt/riscv-xpack/bin/../lib/gcc/riscv-none-elf/13.2.0/../../../../riscv-none-elf/lib/rv32im/ilp32/libc.a(libc_a-svfiprintf.o)
 .rodata.__ssvfiscanf_r
                0x009bdf9c      0x290 /opt/riscv-xpack/bin/../lib/gcc/riscv-none-elf/13.2.0/../../../../riscv-none-elf/lib/rv32im/ilp32/libc.a(libc_a-svfiscanf.o)
 .rodata.basefix.0
                0x009be22c       0x22 /opt/riscv-xpack/bin/../lib/gcc/riscv-none-elf/13.2.0/../../../../riscv-none-elf/lib/rv32im/ilp32/libc.a(libc_a-svfiscanf.o)
 .rodata.__gethex.str1.4
                0x009be24e       0x9f /opt/riscv-xpack/bin/../lib/gcc/riscv-none-elf/13.2.0/../../../../riscv-none-elf/lib/rv32im/ilp32/libc.a(libc_a-gdtoa-gethex.o)
 *fill*         0x009be24e        0x2 
 .rodata.__hexdig
                0x009be250      0x100 /opt/riscv-xpack/bin/../lib/gcc/riscv-none-elf/13.2.0/../../../../riscv-none-elf/lib/rv32im/ilp32/libc.a(libc_a-gdtoa-gethex.o)
                0x009be250                __hexdig
 .rodata.categories
                0x009be350     0x3528 /opt/riscv-xpack/bin/../lib/gcc/riscv-none-elf/13.2.0/../../../../riscv-none-elf/lib/rv32im/ilp32/libc.a(libc_a-categories.o)
 .rodata.npio2_hw
                0x009c1878       0x80 /opt/riscv-xpack/bin/../lib/gcc/riscv-none-elf/13.2.0/../../../../riscv-none-elf/lib/rv32im/ilp32/libm.a(libm_a-e_rem_pio2.o)
 .rodata.two_over_pi
                0x009c18f8      0x108 /opt/riscv-xpack/bin/../lib/gcc/riscv-none-elf/13.2.0/../../../../riscv-none-elf/lib/rv32im/ilp32/libm.a(libm_a-e_rem_pio2.o)
 .rodata.PIo2   0x009c1a00       0x40 /opt/riscv-xpack/bin/../lib/gcc/riscv-none-elf/13.2.0/../../../../riscv-none-elf/lib/rv32im/ilp32/libm.a(libm_a-k_rem_pio2.o)
 .rodata.init_jk
                0x009c1a40       0x10 /opt/riscv-xpack/bin/../lib/gcc/riscv-none-elf/13.2.0/../../../../riscv-none-elf/lib/rv32im/ilp32/libm.a(libm_a-k_rem_pio2.o)
 .rodata._ZTSN10__cxxabiv117__class_type_infoE
                0x009c1a50       0x22 /opt/riscv-xpack/bin/../lib/gcc/riscv-none-elf/13.2.0/../../../../riscv-none-elf/lib/rv32im/ilp32/libstdc++.a(class_type_info.o)
                0x009c1a50                typeinfo name for __cxxabiv1::__class_type_info
 *fill*         0x009c1a72        0x2 
 .rodata._ZTIN10__cxxabiv117__class_type_infoE
                0x009c1a74        0xc /opt/riscv-xpack/bin/../lib/gcc/riscv-none-elf/13.2.0/../../../../riscv-none-elf/lib/rv32im/ilp32/libstdc++.a(class_type_info.o)
                0x009c1a74                typeinfo for __cxxabiv1::__class_type_info
 .rodata._ZTVN10__cxxabiv117__class_type_infoE
                0x009c1a80       0x2c /opt/riscv-xpack/bin/../lib/gcc/riscv-none-elf/13.2.0/../../../../riscv-none-elf/lib/rv32im/ilp32/libstdc++.a(class_type_info.o)
                0x009c1a80                vtable for __cxxabiv1::__class_type_info
 .rodata._ZL28read_encoded_value_with_basehjPKhPj
                0x009c1aac       0x34 /opt/riscv-xpack/bin/../lib/gcc/riscv-none-elf/13.2.0/../../../../riscv-none-elf/lib/rv32im/ilp32/libstdc++.a(eh_personality.o)
 .rodata._ZTSN9__gnu_cxx20recursive_init_errorE
                0x009c1ae0       0x23 /opt/riscv-xpack/bin/../lib/gcc/riscv-none-elf/13.2.0/../../../../riscv-none-elf/lib/rv32im/ilp32/libstdc++.a(guard_error.o)
                0x009c1ae0                typeinfo name for __gnu_cxx::recursive_init_error
 *fill*         0x009c1b03        0x1 
 .rodata._ZTIN9__gnu_cxx20recursive_init_errorE
                0x009c1b04        0xc /opt/riscv-xpack/bin/../lib/gcc/riscv-none-elf/13.2.0/../../../../riscv-none-elf/lib/rv32im/ilp32/libstdc++.a(guard_error.o)
                0x009c1b04                typeinfo for __gnu_cxx::recursive_init_error
 .rodata._ZTVN9__gnu_cxx20recursive_init_errorE
                0x009c1b10       0x14 /opt/riscv-xpack/bin/../lib/gcc/riscv-none-elf/13.2.0/../../../../riscv-none-elf/lib/rv32im/ilp32/libstdc++.a(guard_error.o)
                0x009c1b10                vtable for __gnu_cxx::recursive_init_error
 .rodata._ZTSN10__cxxabiv120__si_class_type_infoE
                0x009c1b24       0x25 /opt/riscv-xpack/bin/../lib/gcc/riscv-none-elf/13.2.0/../../../../riscv-none-elf/lib/rv32im/ilp32/libstdc++.a(si_class_type_info.o)
                0x009c1b24                typeinfo name for __cxxabiv1::__si_class_type_info
 *fill*         0x009c1b49        0x3 
 .rodata._ZTIN10__cxxabiv120__si_class_type_infoE
                0x009c1b4c        0xc /opt/riscv-xpack/bin/../lib/gcc/riscv-none-elf/13.2.0/../../../../riscv-none-elf/lib/rv32im/ilp32/libstdc++.a(si_class_type_info.o)
                0x009c1b4c                typeinfo for __cxxabiv1::__si_class_type_info
 .rodata._ZTVN10__cxxabiv120__si_class_type_infoE
                0x009c1b58       0x2c /opt/riscv-xpack/bin/../lib/gcc/riscv-none-elf/13.2.0/../../../../riscv-none-elf/lib/rv32im/ilp32/libstdc++.a(si_class_type_info.o)
                0x009c1b58                vtable for __cxxabiv1::__si_class_type_info
 .rodata._ZTSSt9type_info
                0x009c1b84        0xd /opt/riscv-xpack/bin/../lib/gcc/riscv-none-elf/13.2.0/../../../../riscv-none-elf/lib/rv32im/ilp32/libstdc++.a(tinfo.o)
                0x009c1b84                typeinfo name for std::type_info
 *fill*         0x009c1b91        0x3 
 .rodata._ZTVSt9type_info
                0x009c1b94       0x20 /opt/riscv-xpack/bin/../lib/gcc/riscv-none-elf/13.2.0/../../../../riscv-none-elf/lib/rv32im/ilp32/libstdc++.a(tinfo.o)
                0x009c1b94                vtable for std::type_info
 .rodata._ZN9__gnu_cxx27__verbose_terminate_handlerEv.str1.4
                0x009c1bb4       0x94 /opt/riscv-xpack/bin/../lib/gcc/riscv-none-elf/13.2.0/../../../../riscv-none-elf/lib/rv32im/ilp32/libstdc++.a(vterminate.o)
 .rodata._ZN9__gnu_cxx26__throw_insufficient_spaceEPKcS1_.str1.4
                0x009c1bb4       0x69 /opt/riscv-xpack/bin/../lib/gcc/riscv-none-elf/13.2.0/../../../../riscv-none-elf/lib/rv32im/ilp32/libstdc++.a(snprintf_lite.o)
 .rodata._ZN9__gnu_cxx15__concat_size_tEPcjj.str1.4
                0x009c1bb4        0xb /opt/riscv-xpack/bin/../lib/gcc/riscv-none-elf/13.2.0/../../../../riscv-none-elf/lib/rv32im/ilp32/libstdc++.a(snprintf_lite.o)
 .rodata._ZNSt7__cxx1112basic_stringIcSt11char_traitsIcESaIcEE9_M_createERjj.str1.4
                0x009c1bb4       0x18 /opt/riscv-xpack/bin/../lib/gcc/riscv-none-elf/13.2.0/../../../../riscv-none-elf/lib/rv32im/ilp32/libstdc++.a(string-inst.o)
 .rodata._ZNKSt7__cxx1112basic_stringIcSt11char_traitsIcESaIcEE8_M_checkEjPKc.str1.4
                0x009c1bb4       0x37 /opt/riscv-xpack/bin/../lib/gcc/riscv-none-elf/13.2.0/../../../../riscv-none-elf/lib/rv32im/ilp32/libstdc++.a(string-inst.o)
 .rodata._ZNKSt7__cxx1112basic_stringIcSt11char_traitsIcESaIcEE2atEj.str1.4
                0x009c1bb4       0x44 /opt/riscv-xpack/bin/../lib/gcc/riscv-none-elf/13.2.0/../../../../riscv-none-elf/lib/rv32im/ilp32/libstdc++.a(string-inst.o)
 .rodata._ZNSt7__cxx1112basic_stringIcSt11char_traitsIcESaIcEE5eraseEjj.str1.4
                0x009c1bb4       0x14 /opt/riscv-xpack/bin/../lib/gcc/riscv-none-elf/13.2.0/../../../../riscv-none-elf/lib/rv32im/ilp32/libstdc++.a(string-inst.o)
 .rodata._ZNSt7__cxx1112basic_stringIcSt11char_traitsIcESaIcEE14_M_replace_auxEjjjc.str1.4
                0x009c1bb4       0x1d /opt/riscv-xpack/bin/../lib/gcc/riscv-none-elf/13.2.0/../../../../riscv-none-elf/lib/rv32im/ilp32/libstdc++.a(string-inst.o)
 .rodata._ZNSt7__cxx1112basic_stringIcSt11char_traitsIcESaIcEE6insertEjjc.str1.4
                0x009c1bb4       0x15 /opt/riscv-xpack/bin/../lib/gcc/riscv-none-elf/13.2.0/../../../../riscv-none-elf/lib/rv32im/ilp32/libstdc++.a(string-inst.o)
 .rodata._ZNSt7__cxx1112basic_stringIcSt11char_traitsIcESaIcEE7replaceEjjjc.str1.4
                0x009c1bb4       0x16 /opt/riscv-xpack/bin/../lib/gcc/riscv-none-elf/13.2.0/../../../../riscv-none-elf/lib/rv32im/ilp32/libstdc++.a(string-inst.o)
 .rodata._ZNSt7__cxx1112basic_stringIcSt11char_traitsIcESaIcEE10_M_replaceEjjPKcj.str1.4
                0x009c1bb4       0x19 /opt/riscv-xpack/bin/../lib/gcc/riscv-none-elf/13.2.0/../../../../riscv-none-elf/lib/rv32im/ilp32/libstdc++.a(string-inst.o)
 .rodata._ZNSt7__cxx1112basic_stringIcSt11char_traitsIcESaIcEE6assignERKS4_jj.str1.4
                0x009c1bb4       0x15 /opt/riscv-xpack/bin/../lib/gcc/riscv-none-elf/13.2.0/../../../../riscv-none-elf/lib/rv32im/ilp32/libstdc++.a(string-inst.o)
 .rodata._ZNSt7__cxx1112basic_stringIcSt11char_traitsIcESaIcEE6appendEPKcj.str1.4
                0x009c1bb4       0x15 /opt/riscv-xpack/bin/../lib/gcc/riscv-none-elf/13.2.0/../../../../riscv-none-elf/lib/rv32im/ilp32/libstdc++.a(string-inst.o)
 .rodata._ZNKSt7__cxx1112basic_stringIcSt11char_traitsIcESaIcEE4copyEPcjj.str1.4
                0x009c1bb4       0x13 /opt/riscv-xpack/bin/../lib/gcc/riscv-none-elf/13.2.0/../../../../riscv-none-elf/lib/rv32im/ilp32/libstdc++.a(string-inst.o)
 .rodata._ZNKSt7__cxx1112basic_stringIcSt11char_traitsIcESaIcEE7compareEjjRKS4_.str1.4
                0x009c1bb4       0x16 /opt/riscv-xpack/bin/../lib/gcc/riscv-none-elf/13.2.0/../../../../riscv-none-elf/lib/rv32im/ilp32/libstdc++.a(string-inst.o)
 .rodata._ZNSt7__cxx1112basic_stringIcSt11char_traitsIcESaIcEEC2ERKS4_jRKS3_.str1.4
                0x009c1bb4       0x1b /opt/riscv-xpack/bin/../lib/gcc/riscv-none-elf/13.2.0/../../../../riscv-none-elf/lib/rv32im/ilp32/libstdc++.a(string-inst.o)
 .rodata._ZNSt7__cxx1112basic_stringIcSt11char_traitsIcESaIcEEC2ERKS4_jjRKS3_.str1.4
                0x009c1bb4        0xf /opt/riscv-xpack/bin/../lib/gcc/riscv-none-elf/13.2.0/../../../../riscv-none-elf/lib/rv32im/ilp32/libstdc++.a(string-inst.o)
 .rodata._ZNSt7__cxx1112basic_stringIcSt11char_traitsIcESaIcEEC2EPKcjRKS3_.str1.4
                0x009c1bb4       0x32 /opt/riscv-xpack/bin/../lib/gcc/riscv-none-elf/13.2.0/../../../../riscv-none-elf/lib/rv32im/ilp32/libstdc++.a(string-inst.o)
 .rodata._ZNKSt7__cxx1112basic_stringIcSt11char_traitsIcESaIcEE6substrEjj.str1.4
                0x009c1bb4       0x15 /opt/riscv-xpack/bin/../lib/gcc/riscv-none-elf/13.2.0/../../../../riscv-none-elf/lib/rv32im/ilp32/libstdc++.a(string-inst.o)
 .rodata._ZNKSt9bad_alloc4whatEv.str1.4
                0x009c1bb4        0xf /opt/riscv-xpack/bin/../lib/gcc/riscv-none-elf/13.2.0/../../../../riscv-none-elf/lib/rv32im/ilp32/libstdc++.a(bad_alloc.o)
 .rodata._ZTSSt9bad_alloc
                0x009c1bb4        0xd /opt/riscv-xpack/bin/../lib/gcc/riscv-none-elf/13.2.0/../../../../riscv-none-elf/lib/rv32im/ilp32/libstdc++.a(bad_alloc.o)
                0x009c1bb4                typeinfo name for std::bad_alloc
 *fill*         0x009c1bc1        0x3 
 .rodata._ZTISt9bad_alloc
                0x009c1bc4        0xc /opt/riscv-xpack/bin/../lib/gcc/riscv-none-elf/13.2.0/../../../../riscv-none-elf/lib/rv32im/ilp32/libstdc++.a(bad_alloc.o)
                0x009c1bc4                typeinfo for std::bad_alloc
 .rodata._ZTVSt9bad_alloc
                0x009c1bd0       0x14 /opt/riscv-xpack/bin/../lib/gcc/riscv-none-elf/13.2.0/../../../../riscv-none-elf/lib/rv32im/ilp32/libstdc++.a(bad_alloc.o)
                0x009c1bd0                vtable for std::bad_alloc
 .rodata._ZNKSt20bad_array_new_length4whatEv.str1.4
                0x009c1be4       0x1a /opt/riscv-xpack/bin/../lib/gcc/riscv-none-elf/13.2.0/../../../../riscv-none-elf/lib/rv32im/ilp32/libstdc++.a(bad_array_new.o)
 .rodata._ZTSSt20bad_array_new_length
                0x009c1be4       0x19 /opt/riscv-xpack/bin/../lib/gcc/riscv-none-elf/13.2.0/../../../../riscv-none-elf/lib/rv32im/ilp32/libstdc++.a(bad_array_new.o)
                0x009c1be4                typeinfo name for std::bad_array_new_length
 *fill*         0x009c1bfd        0x3 
 .rodata._ZTISt20bad_array_new_length
                0x009c1c00        0xc /opt/riscv-xpack/bin/../lib/gcc/riscv-none-elf/13.2.0/../../../../riscv-none-elf/lib/rv32im/ilp32/libstdc++.a(bad_array_new.o)
                0x009c1c00                typeinfo for std::bad_array_new_length
 .rodata._ZTVSt20bad_array_new_length
                0x009c1c0c       0x14 /opt/riscv-xpack/bin/../lib/gcc/riscv-none-elf/13.2.0/../../../../riscv-none-elf/lib/rv32im/ilp32/libstdc++.a(bad_array_new.o)
                0x009c1c0c                vtable for std::bad_array_new_length
 .rodata._ZNKSt8bad_cast4whatEv.str1.4
                0x009c1c20        0xe /opt/riscv-xpack/bin/../lib/gcc/riscv-none-elf/13.2.0/../../../../riscv-none-elf/lib/rv32im/ilp32/libstdc++.a(bad_cast.o)
 .rodata._ZTSSt8bad_cast
                0x009c1c20        0xc /opt/riscv-xpack/bin/../lib/gcc/riscv-none-elf/13.2.0/../../../../riscv-none-elf/lib/rv32im/ilp32/libstdc++.a(bad_cast.o)
                0x009c1c20                typeinfo name for std::bad_cast
 .rodata._ZTISt8bad_cast
                0x009c1c2c        0xc /opt/riscv-xpack/bin/../lib/gcc/riscv-none-elf/13.2.0/../../../../riscv-none-elf/lib/rv32im/ilp32/libstdc++.a(bad_cast.o)
                0x009c1c2c                typeinfo for std::bad_cast
 .rodata._ZTVSt8bad_cast
                0x009c1c38       0x14 /opt/riscv-xpack/bin/../lib/gcc/riscv-none-elf/13.2.0/../../../../riscv-none-elf/lib/rv32im/ilp32/libstdc++.a(bad_cast.o)
                0x009c1c38                vtable for std::bad_cast
 .rodata._ZNKSt10bad_typeid4whatEv.str1.4
                0x009c1c4c       0x10 /opt/riscv-xpack/bin/../lib/gcc/riscv-none-elf/13.2.0/../../../../riscv-none-elf/lib/rv32im/ilp32/libstdc++.a(bad_typeid.o)
 .rodata._ZTSSt10bad_typeid
                0x009c1c4c        0xf /opt/riscv-xpack/bin/../lib/gcc/riscv-none-elf/13.2.0/../../../../riscv-none-elf/lib/rv32im/ilp32/libstdc++.a(bad_typeid.o)
                0x009c1c4c                typeinfo name for std::bad_typeid
 *fill*         0x009c1c5b        0x1 
 .rodata._ZTISt10bad_typeid
                0x009c1c5c        0xc /opt/riscv-xpack/bin/../lib/gcc/riscv-none-elf/13.2.0/../../../../riscv-none-elf/lib/rv32im/ilp32/libstdc++.a(bad_typeid.o)
                0x009c1c5c                typeinfo for std::bad_typeid
 .rodata._ZTVSt10bad_typeid
                0x009c1c68       0x14 /opt/riscv-xpack/bin/../lib/gcc/riscv-none-elf/13.2.0/../../../../riscv-none-elf/lib/rv32im/ilp32/libstdc++.a(bad_typeid.o)
                0x009c1c68                vtable for std::bad_typeid
 .rodata.d_make_comp
                0x009c1c7c       0x4c /opt/riscv-xpack/bin/../lib/gcc/riscv-none-elf/13.2.0/../../../../riscv-none-elf/lib/rv32im/ilp32/libstdc++.a(cp-demangle.o)
 .rodata.d_count_templates_scopes
                0x009c1cc8       0xd4 /opt/riscv-xpack/bin/../lib/gcc/riscv-none-elf/13.2.0/../../../../riscv-none-elf/lib/rv32im/ilp32/libstdc++.a(cp-demangle.o)
 .rodata.d_find_pack
                0x009c1d9c       0xd0 /opt/riscv-xpack/bin/../lib/gcc/riscv-none-elf/13.2.0/../../../../riscv-none-elf/lib/rv32im/ilp32/libstdc++.a(cp-demangle.o)
 .rodata.d_append_num.str1.4
                0x009c1e6c        0x3 /opt/riscv-xpack/bin/../lib/gcc/riscv-none-elf/13.2.0/../../../../riscv-none-elf/lib/rv32im/ilp32/libstdc++.a(cp-demangle.o)
 .rodata.d_source_name.str1.4
                0x009c1e6c       0x22 /opt/riscv-xpack/bin/../lib/gcc/riscv-none-elf/13.2.0/../../../../riscv-none-elf/lib/rv32im/ilp32/libstdc++.a(cp-demangle.o)
 .rodata.d_type.str1.4
                0x009c1e6c       0x17 /opt/riscv-xpack/bin/../lib/gcc/riscv-none-elf/13.2.0/../../../../riscv-none-elf/lib/rv32im/ilp32/libstdc++.a(cp-demangle.o)
 .rodata.d_type
                0x009c1e6c      0x118 /opt/riscv-xpack/bin/../lib/gcc/riscv-none-elf/13.2.0/../../../../riscv-none-elf/lib/rv32im/ilp32/libstdc++.a(cp-demangle.o)
 .rodata.d_unqualified_name
                0x009c1f84       0x18 /opt/riscv-xpack/bin/../lib/gcc/riscv-none-elf/13.2.0/../../../../riscv-none-elf/lib/rv32im/ilp32/libstdc++.a(cp-demangle.o)
 .rodata.d_name.str1.4
                0x009c1f9c       0x14 /opt/riscv-xpack/bin/../lib/gcc/riscv-none-elf/13.2.0/../../../../riscv-none-elf/lib/rv32im/ilp32/libstdc++.a(cp-demangle.o)
 .rodata.d_special_name
                0x009c1f9c      0x130 /opt/riscv-xpack/bin/../lib/gcc/riscv-none-elf/13.2.0/../../../../riscv-none-elf/lib/rv32im/ilp32/libstdc++.a(cp-demangle.o)
 .rodata.d_expr_primary.str1.4
                0x009c20cc       0x12 /opt/riscv-xpack/bin/../lib/gcc/riscv-none-elf/13.2.0/../../../../riscv-none-elf/lib/rv32im/ilp32/libstdc++.a(cp-demangle.o)
 .rodata.d_print_comp_inner.str1.4
                0x009c20cc      0x2e7 /opt/riscv-xpack/bin/../lib/gcc/riscv-none-elf/13.2.0/../../../../riscv-none-elf/lib/rv32im/ilp32/libstdc++.a(cp-demangle.o)
 .rodata.d_print_comp_inner
                0x009c20cc      0x188 /opt/riscv-xpack/bin/../lib/gcc/riscv-none-elf/13.2.0/../../../../riscv-none-elf/lib/rv32im/ilp32/libstdc++.a(cp-demangle.o)
 .rodata.d_print_mod.str1.4
                0x009c2254       0x73 /opt/riscv-xpack/bin/../lib/gcc/riscv-none-elf/13.2.0/../../../../riscv-none-elf/lib/rv32im/ilp32/libstdc++.a(cp-demangle.o)
 .rodata.d_print_mod
                0x009c2254      0x13c /opt/riscv-xpack/bin/../lib/gcc/riscv-none-elf/13.2.0/../../../../riscv-none-elf/lib/rv32im/ilp32/libstdc++.a(cp-demangle.o)
 .rodata.d_print_array_type.str1.4
                0x009c2390        0x3 /opt/riscv-xpack/bin/../lib/gcc/riscv-none-elf/13.2.0/../../../../riscv-none-elf/lib/rv32im/ilp32/libstdc++.a(cp-demangle.o)
 .rodata.d_maybe_print_fold_expression.str1.4
                0x009c2390        0xd /opt/riscv-xpack/bin/../lib/gcc/riscv-none-elf/13.2.0/../../../../riscv-none-elf/lib/rv32im/ilp32/libstdc++.a(cp-demangle.o)
 .rodata.d_maybe_print_designated_init.str1.4
                0x009c2390        0x6 /opt/riscv-xpack/bin/../lib/gcc/riscv-none-elf/13.2.0/../../../../riscv-none-elf/lib/rv32im/ilp32/libstdc++.a(cp-demangle.o)
 .rodata.str1.4
                0x009c2390      0x56c /opt/riscv-xpack/bin/../lib/gcc/riscv-none-elf/13.2.0/../../../../riscv-none-elf/lib/rv32im/ilp32/libstdc++.a(cp-demangle.o)
 .rodata.CSWTCH.180
                0x009c2390        0xc /opt/riscv-xpack/bin/../lib/gcc/riscv-none-elf/13.2.0/../../../../riscv-none-elf/lib/rv32im/ilp32/libstdc++.a(cp-demangle.o)
 .rodata.standard_subs
                0x009c239c       0xc4 /opt/riscv-xpack/bin/../lib/gcc/riscv-none-elf/13.2.0/../../../../riscv-none-elf/lib/rv32im/ilp32/libstdc++.a(cp-demangle.o)
 .rodata.cplus_demangle_operators
                0x009c2460      0x490 /opt/riscv-xpack/bin/../lib/gcc/riscv-none-elf/13.2.0/../../../../riscv-none-elf/lib/rv32im/ilp32/libstdc++.a(cp-demangle.o)
 .rodata.cplus_demangle_builtin_types